Component: ARM Compiler 5.06 update 3 (build 300) Tool: armlink [4d35c9]

==============================================================================

Section Cross References

    main.o(i.detected_key) refers to key.o(i.KEY_Scan) for KEY_Scan
    main.o(i.detected_key) refers to main.o(.data) for .data
    main.o(i.detected_key) refers to main.o(.bss) for .bss
    main.o(i.getRandon) refers to rand.o(.emb_text) for rand
    main.o(i.init_snake) refers to main.o(.bss) for .bss
    main.o(i.init_snake) refers to main.o(.data) for .data
    main.o(i.is_ated_food) refers to main.o(.bss) for .bss
    main.o(i.is_ated_food) refers to main.o(.data) for .data
    main.o(i.is_hit_body) refers to main.o(.bss) for .bss
    main.o(i.is_hit_boundary) refers to main.o(.bss) for .bss
    main.o(i.main) refers to sys.o(i.Stm32_Clock_Init) for Stm32_Clock_Init
    main.o(i.main) refers to delay.o(i.delay_init) for delay_init
    main.o(i.main) refers to usart.o(i.uart_init) for uart_init
    main.o(i.main) refers to led.o(i.LED_Init) for LED_Init
    main.o(i.main) refers to key.o(i.KEY_Init) for KEY_Init
    main.o(i.main) refers to sdram.o(i.SDRAM_Init) for SDRAM_Init
    main.o(i.main) refers to lcd.o(i.LCD_Init) for LCD_Init
    main.o(i.main) refers to main.o(i.init_snake) for init_snake
    main.o(i.main) refers to rand.o(.text) for srand
    main.o(i.main) refers to pcf8574.o(i.PCF8574_Init) for PCF8574_Init
    main.o(i.main) refers to lcd.o(i.LCD_Clear) for LCD_Clear
    main.o(i.main) refers to key.o(i.KEY_Scan) for KEY_Scan
    main.o(i.main) refers to lcd.o(i.LCD_ShowString) for LCD_ShowString
    main.o(i.main) refers to pcf8574.o(i.PCF8574_WriteBit) for PCF8574_WriteBit
    main.o(i.main) refers to delay.o(i.delay_ms) for delay_ms
    main.o(i.main) refers to main.o(i.refresh) for refresh
    main.o(i.main) refers to main.o(i.move) for move
    main.o(i.main) refers to main.o(.data) for .data
    main.o(i.main) refers to main.o(.bss) for .bss
    main.o(i.main) refers to main.o(i.victory) for i.victory
    main.o(i.move) refers to pcf8574.o(i.PCF8574_WriteBit) for PCF8574_WriteBit
    main.o(i.move) refers to delay.o(i.delay_ms) for delay_ms
    main.o(i.move) refers to rand.o(.emb_text) for rand
    main.o(i.move) refers to main.o(i.update_position) for update_position
    main.o(i.move) refers to main.o(.bss) for .bss
    main.o(i.move) refers to main.o(.data) for .data
    main.o(i.paint_body) refers to ltdc.o(i.LTDC_Fill) for LTDC_Fill
    main.o(i.paint_body) refers to main.o(.data) for .data
    main.o(i.paint_food) refers to ltdc.o(i.LTDC_Fill) for LTDC_Fill
    main.o(i.paint_food) refers to main.o(.data) for .data
    main.o(i.paint_head) refers to ltdc.o(i.LTDC_Fill) for LTDC_Fill
    main.o(i.paint_head) refers to main.o(.data) for .data
    main.o(i.paint_map) refers to lcd.o(i.LCD_DrawRectangle) for LCD_DrawRectangle
    main.o(i.paint_menu) refers to _printf_percent.o(.ARM.Collect$$_printf_percent$$00000000) for _printf_percent
    main.o(i.paint_menu) refers to _printf_d.o(.ARM.Collect$$_printf_percent$$00000009) for _printf_d
    main.o(i.paint_menu) refers to _printf_dec.o(.text) for _printf_int_dec
    main.o(i.paint_menu) refers to noretval__2sprintf.o(.text) for __2sprintf
    main.o(i.paint_menu) refers to lcd.o(i.LCD_ShowString) for LCD_ShowString
    main.o(i.paint_menu) refers to main.o(.bss) for .bss
    main.o(i.paint_menu) refers to main.o(.data) for .data
    main.o(i.refresh) refers to ltdc.o(i.LTDC_Fill) for LTDC_Fill
    main.o(i.refresh) refers to lcd.o(i.LCD_DrawRectangle) for LCD_DrawRectangle
    main.o(i.refresh) refers to main.o(i.paint_menu) for paint_menu
    main.o(i.refresh) refers to main.o(.data) for .data
    main.o(i.refresh) refers to main.o(.bss) for .bss
    main.o(i.update_food) refers to rand.o(.emb_text) for rand
    main.o(i.update_food) refers to main.o(.data) for .data
    main.o(i.update_position) refers to main.o(.bss) for .bss
    main.o(i.victory) refers to lcd.o(i.LCD_Clear) for LCD_Clear
    main.o(i.victory) refers to key.o(i.KEY_Scan) for KEY_Scan
    main.o(i.victory) refers to lcd.o(i.LCD_ShowString) for LCD_ShowString
    main.o(i.victory) refers to pcf8574.o(i.PCF8574_WriteBit) for PCF8574_WriteBit
    main.o(i.victory) refers to delay.o(i.delay_ms) for delay_ms
    main.o(i.victory) refers to main.o(.data) for .data
    stm32f7xx_it.o(i.SysTick_Handler) refers to stm32f7xx_hal.o(i.HAL_IncTick) for HAL_IncTick
    system_stm32f7xx.o(i.SystemCoreClockUpdate) refers to system_stm32f7xx.o(.data) for .data
    system_stm32f7xx.o(i.SystemCoreClockUpdate) refers to system_stm32f7xx.o(.constdata) for .constdata
    startup_stm32f767xx.o(STACK) refers (Special) to heapauxi.o(.text) for __use_two_region_memory
    startup_stm32f767xx.o(HEAP) refers (Special) to heapauxi.o(.text) for __use_two_region_memory
    startup_stm32f767xx.o(RESET) refers (Special) to heapauxi.o(.text) for __use_two_region_memory
[...]
    !!!main                                  0x080001f8   Section        8  __main.o(!!!main)
    !!!scatter                               0x08000200   Section       52  __scatter.o(!!!scatter)
    !!handler_copy                           0x08000234   Section       26  __scatter_copy.o(!!handler_copy)
    !!handler_zi                             0x08000250   Section       28  __scatter_zi.o(!!handler_zi)
    .ARM.Collect$$_printf_percent$$00000000  0x0800026c   Section        0  _printf_percent.o(.ARM.Collect$$_printf_percent$$00000000)
    .ARM.Collect$$_printf_percent$$00000009  0x0800026c   Section        6  _printf_d.o(.ARM.Collect$$_printf_percent$$00000009)
    .ARM.Collect$$_printf_percent$$0000000C  0x08000272   Section        6  _printf_x.o(.ARM.Collect$$_printf_percent$$0000000C)
    .ARM.Collect$$_printf_percent$$00000017  0x08000278   Section        4  _printf_percent_end.o(.ARM.Collect$$_printf_percent$$00000017)
    .ARM.Collect$$libinit$$00000000          0x0800027c   Section        2  libinit.o(.ARM.Collect$$libinit$$00000000)
    .ARM.Collect$$libinit$$00000001          0x0800027e   Section        4  libinit2.o(.ARM.Collect$$libinit$$00000001)
    .ARM.Collect$$libinit$$00000004          0x08000282   Section        0  libinit2.o(.ARM.Collect$$libinit$$00000004)
    .ARM.Collect$$libinit$$0000000A          0x08000282   Section        0  libinit2.o(.ARM.Collect$$libinit$$0000000A)
    .ARM.Collect$$libinit$$0000000C          0x08000282   Section        0  libinit2.o(.ARM.Collect$$libinit$$0000000C)
    .ARM.Collect$$libinit$$0000000D          0x08000282   Section        4  libinit2.o(.ARM.Collect$$libinit$$0000000D)
    .ARM.Collect$$libinit$$0000000E          0x08000286   Section        0  libinit2.o(.ARM.Collect$$libinit$$0000000E)
    .ARM.Collect$$libinit$$00000011          0x08000286   Section        0  libinit2.o(.ARM.Collect$$libinit$$00000011)
    .ARM.Collect$$libinit$$00000013          0x08000286   Section        0  libinit2.o(.ARM.Collect$$libinit$$00000013)
    .ARM.Collect$$libinit$$00000015          0x08000286   Section        0  libinit2.o(.ARM.Collect$$libinit$$00000015)
    .ARM.Collect$$libinit$$00000017          0x08000286   Section        0  libinit2.o(.ARM.Collect$$libinit$$00000017)
    .ARM.Collect$$libinit$$00000019          0x08000286   Section        0  libinit2.o(.ARM.Collect$$libinit$$00000019)
    .ARM.Collect$$libinit$$0000001B          0x08000286   Section        0  libinit2.o(.ARM.Collect$$libinit$$0000001B)
    .ARM.Collect$$libinit$$0000001D          0x08000286   Section        0  libinit2.o(.ARM.Collect$$libinit$$0000001D)
    .ARM.Collect$$libinit$$0000001F          0x08000286   Section        0  libinit2.o(.ARM.Collect$$libinit$$0000001F)
    .ARM.Collect$$libinit$$00000021          0x08000286   Section        0  libinit2.o(.ARM.Collect$$libinit$$00000021)
    .ARM.Collect$$libinit$$00000023          0x08000286   Section        0  libinit2.o(.ARM.Collect$$libinit$$00000023)
    .ARM.Collect$$libinit$$00000025          0x08000286   Section        0  libinit2.o(.ARM.Collect$$libinit$$00000025)
    .ARM.Collect$$libinit$$0000002C          0x08000286   Section        0  libinit2.o(.ARM.Collect$$libinit$$0000002C)
    .ARM.Collect$$libinit$$0000002E          0x08000286   Section        0  libinit2.o(.ARM.Collect$$libinit$$0000002E)
    .ARM.Collect$$libinit$$00000030          0x08000286   Section        0  libinit2.o(.ARM.Collect$$libinit$$00000030)
    .ARM.Collect$$libinit$$00000032          0x08000286   Section        0  libinit2.o(.ARM.Collect$$libinit$$00000032)
    .ARM.Collect$$libinit$$00000033          0x08000286   Section        2  libinit2.o(.ARM.Collect$$libinit$$00000033)
    .ARM.Collect$$libshutdown$$00000000      0x08000288   Section        2  libshutdown.o(.ARM.Collect$$libshutdown$$00000000)
    .ARM.Collect$$libshutdown$$00000002      0x0800028a   Section        0  libshutdown2.o(.ARM.Collect$$libshutdown$$00000002)
    .ARM.Collect$$libshutdown$$00000004      0x0800028a   Section        0  libshutdown2.o(.ARM.Collect$$libshutdown$$00000004)
    .ARM.Collect$$libshutdown$$00000007      0x0800028a   Section        0  libshutdown2.o(.ARM.Collect$$libshutdown$$00000007)
    .ARM.Collect$$libshutdown$$0000000A      0x0800028a   Section        0  libshutdown2.o(.ARM.Collect$$libshutdown$$0000000A)
    .ARM.Collect$$libshutdown$$0000000C      0x0800028a   Section        0  libshutdown2.o(.ARM.Collect$$libshutdown$$0000000C)
    .ARM.Collect$$libshutdown$$0000000F      0x0800028a   Section        0  libshutdown2.o(.ARM.Collect$$libshutdown$$0000000F)
    .ARM.Collect$$libshutdown$$00000010      0x0800028a   Section        2  libshutdown2.o(.ARM.Collect$$libshutdown$$00000010)
    .ARM.Collect$$rtentry$$00000000          0x0800028c   Section        0  __rtentry.o(.ARM.Collect$$rtentry$$00000000)
    .ARM.Collect$$rtentry$$00000002          0x0800028c   Section        0  __rtentry2.o(.ARM.Collect$$rtentry$$00000002)
    .ARM.Collect$$rtentry$$00000004          0x0800028c   Section        6  __rtentry4.o(.ARM.Collect$$rtentry$$00000004)
    .ARM.Collect$$rtentry$$00000009          0x08000292   Section        0  __rtentry2.o(.ARM.Collect$$rtentry$$00000009)
    .ARM.Collect$$rtentry$$0000000A          0x08000292   Section        4  __rtentry2.o(.ARM.Collect$$rtentry$$0000000A)
    .ARM.Collect$$rtentry$$0000000C          0x08000296   Section        0  __rtentry2.o(.ARM.Collect$$rtentry$$0000000C)
    .ARM.Collect$$rtentry$$0000000D          0x08000296   Section        8  __rtentry2.o(.ARM.Collect$$rtentry$$0000000D)
    .ARM.Collect$$rtexit$$00000000           0x0800029e   Section        2  rtexit.o(.ARM.Collect$$rtexit$$00000000)
    .ARM.Collect$$rtexit$$00000002           0x080002a0   Section        0  rtexit2.o(.ARM.Collect$$rtexit$$00000002)
    .ARM.Collect$$rtexit$$00000003           0x080002a0   Section        4  rtexit2.o(.ARM.Collect$$rtexit$$00000003)
    .ARM.Collect$$rtexit$$00000004           0x080002a4   Section        6  rtexit2.o(.ARM.Collect$$rtexit$$00000004)
    .emb_text                                0x080002ac   Section       52  rand.o(.emb_text)
    .text                                    0x080002e0   Section       64  startup_stm32f767xx.o(.text)
    $v0                                      0x080002e0   Number         0  startup_stm32f767xx.o(.text)
    .text                                    0x08000320   Section        2  use_no_semi_2.o(.text)
    .text                                    0x08000324   Section        0  noretval__2printf.o(.text)
    .text                                    0x0800033c   Section        0  noretval__2sprintf.o(.text)
    .text                                    0x08000364   Section        0  __printf.o(.text)
    .text                                    0x080003cc   Section        0  _printf_dec.o(.text)
    .text                                    0x08000444   Section        0  _printf_hex_int.o(.text)
    .text                                    0x0800049c   Section        0  rand.o(.text)
    .text                                    0x080004d8   Section        0  heapauxi.o(.text)
    .text                                    0x080004de   Section        2  use_no_semi.o(.text)
    .text                                    0x080004e0   Section        0  _printf_intcommon.o(.text)
    .text                                    0x08000594   Section        0  _printf_char_common.o(.text)
    _printf_input_char                       0x08000595   Thumb Code    10  _printf_char_common.o(.text)
    .text                                    0x080005c4   Section        0  _sputc.o(.text)
    .text                                    0x080005d0   Section        0  _printf_char_file.o(.text)
    .text                                    0x080005f4   Section        0  ferror.o(.text)
    .text                                    0x080005fc   Section       74  sys_stackheap_outer.o(.text)
    .text                                    0x08000646   Section        0  exit.o(.text)
    .text                                    0x08000658   Section        8  libspace.o(.text)
    i.BusFault_Handler                       0x08000660   Section        0  stm32f7xx_it.o(i.BusFault_Handler)
    i.DebugMon_Handler                       0x08000662   Section        0  stm32f7xx_it.o(i.DebugMon_Handler)
    i.FMC_NORSRAM_Extended_Timing_Init       0x08000664   Section        0  stm32f7xx_ll_fmc.o(i.FMC_NORSRAM_Extended_Timing_Init)
    i.FMC_NORSRAM_Init                       0x080006ac   Section        0  stm32f7xx_ll_fmc.o(i.FMC_NORSRAM_Init)
    i.FMC_NORSRAM_Timing_Init                0x08000728   Section        0  stm32f7xx_ll_fmc.o(i.FMC_NORSRAM_Timing_Init)
    i.FMC_SDRAM_Init                         0x0800078c   Section        0  stm32f7xx_ll_fmc.o(i.FMC_SDRAM_Init)
    i.FMC_SDRAM_ProgramRefreshRate           0x080007ea   Section        0  stm32f7xx_ll_fmc.o(i.FMC_SDRAM_ProgramRefreshRate)
    i.FMC_SDRAM_SendCommand                  0x080007f6   Section        0  stm32f7xx_ll_fmc.o(i.FMC_SDRAM_SendCommand)
    i.FMC_SDRAM_Timing_Init                  0x08000848   Section        0  stm32f7xx_ll_fmc.o(i.FMC_SDRAM_Timing_Init)
    i.GPIO_Set                               0x080008da   Section        0  sys.o(i.GPIO_Set)
    i.HAL_DMA_Abort_IT                       0x08000976   Section        0  stm32f7xx_hal_dma.o(i.HAL_DMA_Abort_IT)
    i.HAL_GPIO_Init                          0x0800099c   Section        0  stm32f7xx_hal_gpio.o(i.HAL_GPIO_Init)
    i.HAL_GPIO_ReadPin                       0x08000bcc   Section        0  stm32f7xx_hal_gpio.o(i.HAL_GPIO_ReadPin)
    i.HAL_GPIO_WritePin                      0x08000bd6   Section        0  stm32f7xx_hal_gpio.o(i.HAL_GPIO_WritePin)
    i.HAL_GetTick                            0x08000be0   Section        0  stm32f7xx_hal.o(i.HAL_GetTick)
    i.HAL_IncTick                            0x08000bec   Section        0  stm32f7xx_hal.o(i.HAL_IncTick)
    i.HAL_InitTick                           0x08000bfc   Section        0  stm32f7xx_hal.o(i.HAL_InitTick)
    i.HAL_LTDC_ConfigLayer                   0x08000c24   Section        0  stm32f7xx_hal_ltdc.o(i.HAL_LTDC_ConfigLayer)
    i.HAL_LTDC_Init                          0x08000c7c   Section        0  stm32f7xx_hal_ltdc.o(i.HAL_LTDC_Init)
    i.HAL_LTDC_MspInit                       0x08000d88   Section        0  ltdc.o(i.HAL_LTDC_MspInit)
    i.HAL_LTDC_SetWindowPosition             0x08000e7c   Section        0  stm32f7xx_hal_ltdc.o(i.HAL_LTDC_SetWindowPosition)
    i.HAL_LTDC_SetWindowSize                 0x08000ed4   Section        0  stm32f7xx_hal_ltdc.o(i.HAL_LTDC_SetWindowSize)
    i.HAL_MPU_ConfigRegion                   0x08000f28   Section        0  stm32f7xx_hal_cortex.o(i.HAL_MPU_ConfigRegion)
    i.HAL_NVIC_EnableIRQ                     0x08000f7c   Section        0  stm32f7xx_hal_cortex.o(i.HAL_NVIC_EnableIRQ)
    i.HAL_NVIC_SetPriority                   0x08000f94   Section        0  stm32f7xx_hal_cortex.o(i.HAL_NVIC_SetPriority)
    i.HAL_PWREx_EnableOverDrive              0x08000ff8   Section        0  stm32f7xx_hal_pwr_ex.o(i.HAL_PWREx_EnableOverDrive)
    i.HAL_RCCEx_PeriphCLKConfig              0x08001074   Section        0  stm32f7xx_hal_rcc_ex.o(i.HAL_RCCEx_PeriphCLKConfig)
    i.HAL_RCC_ClockConfig                    0x080017cc   Section        0  stm32f7xx_hal_rcc.o(i.HAL_RCC_ClockConfig)
    i.HAL_RCC_GetPCLK1Freq                   0x08001950   Section        0  stm32f7xx_hal_rcc.o(i.HAL_RCC_GetPCLK1Freq)
    i.HAL_RCC_GetPCLK2Freq                   0x08001980   Section        0  stm32f7xx_hal_rcc.o(i.HAL_RCC_GetPCLK2Freq)
    i.HAL_RCC_GetSysClockFreq                0x080019b0   Section        0  stm32f7xx_hal_rcc.o(i.HAL_RCC_GetSysClockFreq)
    i.HAL_RCC_OscConfig                      0x08001a48   Section        0  stm32f7xx_hal_rcc_ex.o(i.HAL_RCC_OscConfig)
    i.HAL_SDRAM_Init                         0x08001e0c   Section        0  stm32f7xx_hal_sdram.o(i.HAL_SDRAM_Init)
    i.HAL_SDRAM_MspInit                      0x08001e50   Section        0  sdram.o(i.HAL_SDRAM_MspInit)
    i.HAL_SDRAM_ProgramRefreshRate           0x08001f30   Section        0  stm32f7xx_hal_sdram.o(i.HAL_SDRAM_ProgramRefreshRate)
    i.HAL_SDRAM_SendCommand                  0x08001f54   Section        0  stm32f7xx_hal_sdram.o(i.HAL_SDRAM_SendCommand)
    i.HAL_SRAM_Init                          0x08001f82   Section        0  stm32f7xx_hal_sram.o(i.HAL_SRAM_Init)
    i.HAL_SRAM_MspInit                       0x08001fd8   Section        0  lcd.o(i.HAL_SRAM_MspInit)
    i.HAL_SYSTICK_CLKSourceConfig            0x08002054   Section        0  stm32f7xx_hal_cortex.o(i.HAL_SYSTICK_CLKSourceConfig)
    i.HAL_SYSTICK_Config                     0x0800206c   Section        0  stm32f7xx_hal_cortex.o(i.HAL_SYSTICK_Config)
    i.HAL_TIMEx_BreakCallback                0x08002098   Section        0  stm32f7xx_hal_tim_ex.o(i.HAL_TIMEx_BreakCallback)
    i.HAL_TIMEx_CommutationCallback          0x0800209a   Section        0  stm32f7xx_hal_tim_ex.o(i.HAL_TIMEx_CommutationCallback)
    i.HAL_TIM_IC_CaptureCallback             0x0800209c   Section        0  remote.o(i.HAL_TIM_IC_CaptureCallback)
    i.HAL_TIM_IRQHandler                     0x08002178   Section        0  stm32f7xx_hal_tim.o(i.HAL_TIM_IRQHandler)
    i.HAL_TIM_OC_DelayElapsedCallback        0x080022fe   Section        0  stm32f7xx_hal_tim.o(i.HAL_TIM_OC_DelayElapsedCallback)
    i.HAL_TIM_PWM_PulseFinishedCallback      0x08002300   Section        0  stm32f7xx_hal_tim.o(i.HAL_TIM_PWM_PulseFinishedCallback)
    i.HAL_TIM_PeriodElapsedCallback          0x08002304   Section        0  remote.o(i.HAL_TIM_PeriodElapsedCallback)
    i.HAL_TIM_ReadCapturedValue              0x0800234c   Section        0  stm32f7xx_hal_tim.o(i.HAL_TIM_ReadCapturedValue)
    i.HAL_TIM_TriggerCallback                0x08002390   Section        0  stm32f7xx_hal_tim.o(i.HAL_TIM_TriggerCallback)
    i.HAL_UART_ErrorCallback                 0x08002392   Section        0  stm32f7xx_hal_uart.o(i.HAL_UART_ErrorCallback)
    i.HAL_UART_IRQHandler                    0x08002394   Section        0  stm32f7xx_hal_uart.o(i.HAL_UART_IRQHandler)
    i.HAL_UART_Init                          0x08002558   Section        0  stm32f7xx_hal_uart.o(i.HAL_UART_Init)
    i.HAL_UART_MspInit                       0x080025c8   Section        0  usart.o(i.HAL_UART_MspInit)
    i.HAL_UART_Receive                       0x08002658   Section        0  stm32f7xx_hal_uart.o(i.HAL_UART_Receive)
    i.HAL_UART_RxCpltCallback                0x08002748   Section        0  stm32f7xx_hal_uart.o(i.HAL_UART_RxCpltCallback)
    i.HAL_UART_TxCpltCallback                0x0800274a   Section        0  stm32f7xx_hal_uart.o(i.HAL_UART_TxCpltCallback)
    i.HardFault_Handler                      0x0800274c   Section        0  stm32f7xx_it.o(i.HardFault_Handler)
    i.IIC_Init                               0x08002750   Section        0  myiic.o(i.IIC_Init)
    i.IIC_Read_Byte                          0x080027a0   Section        0  myiic.o(i.IIC_Read_Byte)
    i.IIC_Send_Byte                          0x08002888   Section        0  myiic.o(i.IIC_Send_Byte)
    i.IIC_Start                              0x08002900   Section        0  myiic.o(i.IIC_Start)
    i.IIC_Stop                               0x08002950   Section        0  myiic.o(i.IIC_Stop)
    i.IIC_Wait_Ack                           0x080029a0   Section        0  myiic.o(i.IIC_Wait_Ack)
    i.KEY_Init                               0x08002a4c   Section        0  key.o(i.KEY_Init)
    i.KEY_Scan                               0x08002acc   Section        0  key.o(i.KEY_Scan)
    i.LCD_Clear                              0x08002bb4   Section        0  lcd.o(i.LCD_Clear)
    i.LCD_Display_Dir                        0x08002c0c   Section        0  lcd.o(i.LCD_Display_Dir)
    i.LCD_DrawLine                           0x08002d10   Section        0  lcd.o(i.LCD_DrawLine)
    i.LCD_DrawRectangle                      0x08002de0   Section        0  lcd.o(i.LCD_DrawRectangle)
    i.LCD_Fast_DrawPoint                     0x08002e1c   Section        0  lcd.o(i.LCD_Fast_DrawPoint)
    i.LCD_Init                               0x0800305c   Section        0  lcd.o(i.LCD_Init)
    i.LCD_MPU_Config                         0x0800922c   Section        0  lcd.o(i.LCD_MPU_Config)
    i.LCD_SSD_BackLightSet                   0x08009298   Section        0  lcd.o(i.LCD_SSD_BackLightSet)
    i.LCD_Scan_Dir                           0x08009358   Section        0  lcd.o(i.LCD_Scan_Dir)
    i.LCD_SetCursor                          0x08009664   Section        0  lcd.o(i.LCD_SetCursor)
    i.LCD_ShowChar                           0x080098e0   Section        0  lcd.o(i.LCD_ShowChar)
    i.LCD_ShowString                         0x080099fc   Section        0  lcd.o(i.LCD_ShowString)
    i.LED_Init                               0x08009a60   Section        0  led.o(i.LED_Init)
    i.LTDC_Clear                             0x08009aac   Section        0  ltdc.o(i.LTDC_Clear)
    i.LTDC_Display_Dir                       0x08009acc   Section        0  ltdc.o(i.LTDC_Display_Dir)
    i.LTDC_Draw_Point                        0x08009af4   Section        0  ltdc.o(i.LTDC_Draw_Point)
    i.LTDC_Fill                              0x08009b38   Section        0  ltdc.o(i.LTDC_Fill)
    i.LTDC_Init                              0x08009bf0   Section        0  ltdc.o(i.LTDC_Init)
    i.LTDC_Layer_Parameter_Config            0x08009e5c   Section        0  ltdc.o(i.LTDC_Layer_Parameter_Config)
    i.LTDC_PanelID_Read                      0x08009ebc   Section        0  ltdc.o(i.LTDC_PanelID_Read)
    i.LTDC_SetConfig                         0x08009f80   Section        0  stm32f7xx_hal_ltdc.o(i.LTDC_SetConfig)
    LTDC_SetConfig                           0x08009f81   Thumb Code   452  stm32f7xx_hal_ltdc.o(i.LTDC_SetConfig)
    i.NMI_Handler                            0x0800a144   Section        0  stm32f7xx_it.o(i.NMI_Handler)
    i.PCF8574_Init                           0x0800a148   Section        0  pcf8574.o(i.PCF8574_Init)
    i.PCF8574_WriteBit                       0x0800a1b4   Section        0  pcf8574.o(i.PCF8574_WriteBit)
    i.PendSV_Handler                         0x0800a208   Section        0  stm32f7xx_it.o(i.PendSV_Handler)
    i.SDRAM_Init                             0x0800a20c   Section        0  sdram.o(i.SDRAM_Init)
    i.SDRAM_Send_Cmd                         0x0800a2ac   Section        0  sdram.o(i.SDRAM_Send_Cmd)
    i.SVC_Handler                            0x0800a2ec   Section        0  stm32f7xx_it.o(i.SVC_Handler)
    i.Stm32_Clock_Init                       0x0800a2f0   Section        0  sys.o(i.Stm32_Clock_Init)
    i.SysTick_Handler                        0x0800a390   Section        0  stm32f7xx_it.o(i.SysTick_Handler)
    i.SystemInit                             0x0800a394   Section        0  system_stm32f7xx.o(i.SystemInit)
    i.TIM1_CC_IRQHandler                     0x0800a3ec   Section        0  remote.o(i.TIM1_CC_IRQHandler)
    i.TIM1_UP_TIM10_IRQHandler               0x0800a3f8   Section        0  remote.o(i.TIM1_UP_TIM10_IRQHandler)
    i.UART_AdvFeatureConfig                  0x0800a404   Section        0  stm32f7xx_hal_uart.o(i.UART_AdvFeatureConfig)
    i.UART_CheckIdleState                    0x0800a4de   Section        0  stm32f7xx_hal_uart.o(i.UART_CheckIdleState)
    i.UART_DMAAbortOnError                   0x0800a53e   Section        0  stm32f7xx_hal_uart.o(i.UART_DMAAbortOnError)
    UART_DMAAbortOnError                     0x0800a53f   Thumb Code    20  stm32f7xx_hal_uart.o(i.UART_DMAAbortOnError)
    i.UART_Receive_IT                        0x0800a552   Section        0  stm32f7xx_hal_uart.o(i.UART_Receive_IT)
    UART_Receive_IT                          0x0800a553   Thumb Code   124  stm32f7xx_hal_uart.o(i.UART_Receive_IT)
    i.UART_SetConfig                         0x0800a5d0   Section        0  stm32f7xx_hal_uart.o(i.UART_SetConfig)
    i.UART_WaitOnFlagUntilTimeout            0x0800a878   Section        0  stm32f7xx_hal_uart.o(i.UART_WaitOnFlagUntilTimeout)
    i.USART1_IRQHandler                      0x0800a8ec   Section        0  usart.o(i.USART1_IRQHandler)
    i.UsageFault_Handler                     0x0800a964   Section        0  stm32f7xx_it.o(i.UsageFault_Handler)
    i._sys_exit                              0x0800a966   Section        0  usart.o(i._sys_exit)
    i.delay_init                             0x0800a968   Section        0  delay.o(i.delay_init)
    i.delay_ms                               0x0800a97c   Section        0  delay.o(i.delay_ms)
    i.delay_us                               0x0800a9c8   Section        0  delay.o(i.delay_us)
    i.fputc                                  0x0800a9fc   Section        0  usart.o(i.fputc)
    i.init_snake                             0x0800aa10   Section        0  main.o(i.init_snake)
    i.main                                   0x0800aa54   Section        0  main.o(i.main)
    i.move                                   0x0800ac5c   Section        0  main.o(i.move)
    i.paint_menu                             0x0800ada8   Section        0  main.o(i.paint_menu)
    i.refresh                                0x0800ae38   Section        0  main.o(i.refresh)
    i.uart_init                              0x0800aed8   Section        0  usart.o(i.uart_init)
    i.update_position                        0x0800aefc   Section        0  main.o(i.update_position)
    i.victory                                0x0800af28   Section        0  main.o(i.victory)
    x$fpl$fpinit                             0x0800afa0   Section       10  fpinit.o(x$fpl$fpinit)
    $v0                                      0x0800afa0   Number         0  fpinit.o(x$fpl$fpinit)
    .constdata                               0x0800afaa   Section       16  system_stm32f7xx.o(.constdata)
    .constdata                               0x0800afba   Section        8  system_stm32f7xx.o(.constdata)
    .constdata                               0x0800afc2   Section    18240  lcd.o(.constdata)
    .constdata                               0x0800f702   Section       40  _printf_hex_int.o(.constdata)
    uc_hextab                                0x0800f702   Data          20  _printf_hex_int.o(.constdata)
    lc_hextab                                0x0800f716   Data          20  _printf_hex_int.o(.constdata)
    .data                                    0x20020000   Section       36  main.o(.data)
    .data                                    0x20020024   Section        4  system_stm32f7xx.o(.data)
    .data                                    0x20020028   Section        4  stm32f7xx_hal.o(.data)
    .data                                    0x2002002c   Section        4  delay.o(.data)
    fac_us                                   0x2002002c   Data           4  delay.o(.data)
    .data                                    0x20020030   Section        2  usart.o(.data)
    .data                                    0x20020034   Section        4  usart.o(.data)
    .data                                    0x20020038   Section        1  key.o(.data)
    key_up                                   0x20020038   Data           1  key.o(.data)
    .data                                    0x2002003c   Section        8  lcd.o(.data)
    .data                                    0x20020044   Section        8  ltdc.o(.data)
    .data                                    0x2002004c   Section        8  remote.o(.data)
    .bss                                     0x20020054   Section      408  main.o(.bss)
    .bss                                     0x200201ec   Section      312  usart.o(.bss)
    .bss                                     0x20020324   Section       52  sdram.o(.bss)
    .bss                                     0x20020358   Section       90  lcd.o(.bss)
    .bss                                     0x200203b4   Section      200  ltdc.o(.bss)
    .bss                                     0x2002047c   Section       60  remote.o(.bss)
    .bss                                     0x200204b8   Section      228  rand.o(.bss)
    .bss                                     0x2002059c   Section       96  libspace.o(.bss)
    HEAP                                     0x20020600   Section      512  startup_stm32f767xx.o(HEAP)
    Heap_Mem                                 0x20020600   Data         512  startup_stm32f767xx.o(HEAP)
    STACK                                    0x20020800   Section     1024  startup_stm32f767xx.o(STACK)
    Stack_Mem                                0x20020800   Data        1024  startup_stm32f767xx.o(STACK)
    __initial_sp                             0x20020c00   Data           0  startup_stm32f767xx.o(STACK)
    .ARM.__AT_0xC0000000                     0xc0000000   Section    2048000  ltdc.o(.ARM.__AT_0xC0000000)

    Global Symbols

    Symbol Name                              Value     Ov Type        Size  Object(Section)

    BuildAttributes$$THM_ISAv4$E$P$D$K$B$S$7EM$VFPv5_D16$PE$PLD8$A:L22UL41UL21$X:L11$S22US41US21$IEEE1$IW$USESV6$~STKCKD$USESV7$~SHL$OTIME$ROPI$EBA8$UX$STANDARDLIB$REQ8$PRES8$EABIv2 0x00000000   Number         0  anon$$obj.o ABSOLUTE
    __ARM_use_no_argv                        0x00000000   Number         0  main.o ABSOLUTE
    __ARM_exceptions_init                     - Undefined Weak Reference
    __alloca_initialize                       - Undefined Weak Reference
    __arm_preinit_                            - Undefined Weak Reference
    __cpp_initialize__aeabi_                  - Undefined Weak Reference
    __cxa_finalize                            - Undefined Weak Reference
    __rt_locale                               - Undefined Weak Reference
    __sigvec_lookup                           - Undefined Weak Reference
    _atexit_init                              - Undefined Weak Reference
    _call_atexit_fns                          - Undefined Weak Reference
    _clock_init                               - Undefined Weak Reference
    _fp_trap_init                             - Undefined Weak Reference
    _fp_trap_shutdown                         - Undefined Weak Reference
    _get_lc_collate                           - Undefined Weak Reference
    _get_lc_ctype                             - Undefined Weak Reference
    _get_lc_monetary                          - Undefined Weak Reference
    _get_lc_numeric                           - Undefined Weak Reference
    _get_lc_time                              - Undefined Weak Reference
    _getenv_init                              - Undefined Weak Reference
    _handle_redirection                       - Undefined Weak Reference
    _init_alloc                               - Undefined Weak Reference
    _init_user_alloc                          - Undefined Weak Reference
    _initio                                   - Undefined Weak Reference
    _mutex_acquire                            - Undefined Weak Reference
    _mutex_release                            - Undefined Weak Reference
    _printf_post_padding                      - Undefined Weak Reference
    _printf_pre_padding                       - Undefined Weak Reference
    _printf_truncate_signed                   - Undefined Weak Reference
    _printf_truncate_unsigned                 - Undefined Weak Reference
    _signal_finish                            - Undefined Weak Reference
    _signal_init                              - Undefined Weak Reference
    _terminate_alloc                          - Undefined Weak Reference
    _terminate_user_alloc                     - Undefined Weak Reference
    _terminateio                              - Undefined Weak Reference
    __Vectors_Size                           0x000001f8   Number         0  startup_stm32f767xx.o ABSOLUTE
    __Vectors                                0x08000000   Data           4  startup_stm32f767xx.o(RESET)
    __Vectors_End                            0x080001f8   Data           0  startup_stm32f767xx.o(RESET)
    __main                                   0x080001f9   Thumb Code     8  __main.o(!!!main)
    __scatterload                            0x08000201   Thumb Code     0  __scatter.o(!!!scatter)
    __scatterload_rt2                        0x08000201   Thumb Code    44  __scatter.o(!!!scatter)
    __scatterload_rt2_thumb_only             0x08000201   Thumb Code     0  __scatter.o(!!!scatter)
    __scatterload_null                       0x0800020f   Thumb Code     0  __scatter.o(!!!scatter)
    __scatterload_copy                       0x08000235   Thumb Code    26  __scatter_copy.o(!!handler_copy)
    __scatterload_zeroinit                   0x08000251   Thumb Code    28  __scatter_zi.o(!!handler_zi)
    _printf_d                                0x0800026d   Thumb Code     0  _printf_d.o(.ARM.Collect$$_printf_percent$$00000009)
    _printf_percent                          0x0800026d   Thumb Code     0  _printf_percent.o(.ARM.Collect$$_printf_percent$$00000000)
    _printf_x                                0x08000273   Thumb Code     0  _printf_x.o(.ARM.Collect$$_printf_percent$$0000000C)
    _printf_percent_end                      0x08000279   Thumb Code     0  _printf_percent_end.o(.ARM.Collect$$_printf_percent$$00000017)
    __rt_lib_init                            0x0800027d   Thumb Code     0  libinit.o(.ARM.Collect$$libinit$$00000000)
    __rt_lib_init_fp_1                       0x0800027f   Thumb Code     0  libinit2.o(.ARM.Collect$$libinit$$00000001)
    __rt_lib_init_heap_1                     0x08000283   Thumb Code     0  libinit2.o(.ARM.Collect$$libinit$$0000000A)
    __rt_lib_init_preinit_1                  0x08000283   Thumb Code     0  libinit2.o(.ARM.Collect$$libinit$$00000004)
    __rt_lib_init_rand_2                     0x08000283   Thumb Code     0  libinit2.o(.ARM.Collect$$libinit$$0000000D)
    __rt_lib_init_user_alloc_1               0x08000283   Thumb Code     0  libinit2.o(.ARM.Collect$$libinit$$0000000C)
    __rt_lib_init_alloca_1                   0x08000287   Thumb Code     0  libinit2.o(.ARM.Collect$$libinit$$0000002E)
    __rt_lib_init_argv_1                     0x08000287   Thumb Code     0  libinit2.o(.ARM.Collect$$libinit$$0000002C)
    __rt_lib_init_atexit_1                   0x08000287   Thumb Code     0  libinit2.o(.ARM.Collect$$libinit$$0000001B)
    __rt_lib_init_clock_1                    0x08000287   Thumb Code     0  libinit2.o(.ARM.Collect$$libinit$$00000021)
    __rt_lib_init_cpp_1                      0x08000287   Thumb Code     0  libinit2.o(.ARM.Collect$$libinit$$00000032)
    __rt_lib_init_exceptions_1               0x08000287   Thumb Code     0  libinit2.o(.ARM.Collect$$libinit$$00000030)
    __rt_lib_init_fp_trap_1                  0x08000287   Thumb Code     0  libinit2.o(.ARM.Collect$$libinit$$0000001F)
    __rt_lib_init_getenv_1                   0x08000287   Thumb Code     0  libinit2.o(.ARM.Collect$$libinit$$00000023)
    __rt_lib_init_lc_collate_1               0x08000287   Thumb Code     0  libinit2.o(.ARM.Collect$$libinit$$00000011)
    __rt_lib_init_lc_ctype_1                 0x08000287   Thumb Code     0  libinit2.o(.ARM.Collect$$libinit$$00000013)
    __rt_lib_init_lc_monetary_1              0x08000287   Thumb Code     0  libinit2.o(.ARM.Collect$$libinit$$00000015)
    __rt_lib_init_lc_numeric_1               0x08000287   Thumb Code     0  libinit2.o(.ARM.Collect$$libinit$$00000017)
    __rt_lib_init_lc_time_1                  0x08000287   Thumb Code     0  libinit2.o(.ARM.Collect$$libinit$$00000019)
    __rt_lib_init_rand_1                     0x08000287   Thumb Code     0  libinit2.o(.ARM.Collect$$libinit$$0000000E)
    __rt_lib_init_return                     0x08000287   Thumb Code     0  libinit2.o(.ARM.Collect$$libinit$$00000033)
    __rt_lib_init_signal_1                   0x08000287   Thumb Code     0  libinit2.o(.ARM.Collect$$libinit$$0000001D)
    __rt_lib_init_stdio_1                    0x08000287   Thumb Code     0  libinit2.o(.ARM.Collect$$libinit$$00000025)
    __rt_lib_shutdown                        0x08000289   Thumb Code     0  libshutdown.o(.ARM.Collect$$libshutdown$$00000000)
    __rt_lib_shutdown_cpp_1                  0x0800028b   Thumb Code     0  libshutdown2.o(.ARM.Collect$$libshutdown$$00000002)
    __rt_lib_shutdown_fp_trap_1              0x0800028b   Thumb Code     0  libshutdown2.o(.ARM.Collect$$libshutdown$$00000007)
    __rt_lib_shutdown_heap_1                 0x0800028b   Thumb Code     0  libshutdown2.o(.ARM.Collect$$libshutdown$$0000000F)
    __rt_lib_shutdown_return                 0x0800028b   Thumb Code     0  libshutdown2.o(.ARM.Collect$$libshutdown$$00000010)
    __rt_lib_shutdown_signal_1               0x0800028b   Thumb Code     0  libshutdown2.o(.ARM.Collect$$libshutdown$$0000000A)
    __rt_lib_shutdown_stdio_1                0x0800028b   Thumb Code     0  libshutdown2.o(.ARM.Collect$$libshutdown$$00000004)
    __rt_lib_shutdown_user_alloc_1           0x0800028b   Thumb Code     0  libshutdown2.o(.ARM.Collect$$libshutdown$$0000000C)
    __rt_entry                               0x0800028d   Thumb Code     0  __rtentry.o(.ARM.Collect$$rtentry$$00000000)
    __rt_entry_presh_1                       0x0800028d   Thumb Code     0  __rtentry2.o(.ARM.Collect$$rtentry$$00000002)
    __rt_entry_sh                            0x0800028d   Thumb Code     0  __rtentry4.o(.ARM.Collect$$rtentry$$00000004)
    __rt_entry_li                            0x08000293   Thumb Code     0  __rtentry2.o(.ARM.Collect$$rtentry$$0000000A)
    __rt_entry_postsh_1                      0x08000293   Thumb Code     0  __rtentry2.o(.ARM.Collect$$rtentry$$00000009)
    __rt_entry_main                          0x08000297   Thumb Code     0  __rtentry2.o(.ARM.Collect$$rtentry$$0000000D)
    __rt_entry_postli_1                      0x08000297   Thumb Code     0  __rtentry2.o(.ARM.Collect$$rtentry$$0000000C)
    __rt_exit                                0x0800029f   Thumb Code     0  rtexit.o(.ARM.Collect$$rtexit$$00000000)
    __rt_exit_ls                             0x080002a1   Thumb Code     0  rtexit2.o(.ARM.Collect$$rtexit$$00000003)
    __rt_exit_prels_1                        0x080002a1   Thumb Code     0  rtexit2.o(.ARM.Collect$$rtexit$$00000002)
    __rt_exit_exit                           0x080002a5   Thumb Code     0  rtexit2.o(.ARM.Collect$$rtexit$$00000004)
    rand                                     0x080002ad   Thumb Code    48  rand.o(.emb_text)
    Reset_Handler                            0x080002e1   Thumb Code     8  startup_stm32f767xx.o(.text)
    MemManage_Handler                        0x080002ed   Thumb Code     2  startup_stm32f767xx.o(.text)
    ADC_IRQHandler                           0x080002fb   Thumb Code     0  startup_stm32f767xx.o(.text)
    CAN1_RX0_IRQHandler                      0x080002fb   Thumb Code     0  startup_stm32f767xx.o(.text)
    CAN1_RX1_IRQHandler                      0x080002fb   Thumb Code     0  startup_stm32f767xx.o(.text)
    CAN1_SCE_IRQHandler                      0x080002fb   Thumb Code     0  startup_stm32f767xx.o(.text)
    CAN1_TX_IRQHandler                       0x080002fb   Thumb Code     0  startup_stm32f767xx.o(.text)
    CAN2_RX0_IRQHandler                      0x080002fb   Thumb Code     0  startup_stm32f767xx.o(.text)
    CAN2_RX1_IRQHandler                      0x080002fb   Thumb Code     0  startup_stm32f767xx.o(.text)
    CAN2_SCE_IRQHandler                      0x080002fb   Thumb Code     0  startup_stm32f767xx.o(.text)
    CAN2_TX_IRQHandler                       0x080002fb   Thumb Code     0  startup_stm32f767xx.o(.text)
    CAN3_RX0_IRQHandler                      0x080002fb   Thumb Code     0  startup_stm32f767xx.o(.text)
    CAN3_RX1_IRQHandler                      0x080002fb   Thumb Code     0  startup_stm32f767xx.o(.text)
    CAN3_SCE_IRQHandler                      0x080002fb   Thumb Code     0  startup_stm32f767xx.o(.text)
    CAN3_TX_IRQHandler                       0x080002fb   Thumb Code     0  startup_stm32f767xx.o(.text)
    CEC_IRQHandler                           0x080002fb   Thumb Code     0  startup_stm32f767xx.o(.text)
    DCMI_IRQHandler                          0x080002fb   Thumb Code     0  startup_stm32f767xx.o(.text)
    DFSDM1_FLT0_IRQHandler                   0x080002fb   Thumb Code     0  startup_stm32f767xx.o(.text)
    DFSDM1_FLT1_IRQHandler                   0x080002fb   Thumb Code     0  startup_stm32f767xx.o(.text)
    DFSDM1_FLT2_IRQHandler                   0x080002fb   Thumb Code     0  startup_stm32f767xx.o(.text)
    DFSDM1_FLT3_IRQHandler                   0x080002fb   Thumb Code     0  startup_stm32f767xx.o(.text)
    DMA1_Stream0_IRQHandler                  0x080002fb   Thumb Code     0  startup_stm32f767xx.o(.text)
    DMA1_Stream1_IRQHandler                  0x080002fb   Thumb Code     0  startup_stm32f767xx.o(.text)
    DMA1_Stream2_IRQHandler                  0x080002fb   Thumb Code     0  startup_stm32f767xx.o(.text)
    DMA1_Stream3_IRQHandler                  0x080002fb   Thumb Code     0  startup_stm32f767xx.o(.text)
    DMA1_Stream4_IRQHandler                  0x080002fb   Thumb Code     0  startup_stm32f767xx.o(.text)
    DMA1_Stream5_IRQHandler                  0x080002fb   Thumb Code     0  startup_stm32f767xx.o(.text)
    DMA1_Stream6_IRQHandler                  0x080002fb   Thumb Code     0  startup_stm32f767xx.o(.text)
    DMA1_Stream7_IRQHandler                  0x080002fb   Thumb Code     0  startup_stm32f767xx.o(.text)
    DMA2D_IRQHandler                         0x080002fb   Thumb Code     0  startup_stm32f767xx.o(.text)
    DMA2_Stream0_IRQHandler                  0x080002fb   Thumb Code     0  startup_stm32f767xx.o(.text)
    DMA2_Stream1_IRQHandler                  0x080002fb   Thumb Code     0  startup_stm32f767xx.o(.text)
    DMA2_Stream2_IRQHandler                  0x080002fb   Thumb Code     0  startup_stm32f767xx.o(.text)
    DMA2_Stream3_IRQHandler                  0x080002fb   Thumb Code     0  startup_stm32f767xx.o(.text)
    DMA2_Stream4_IRQHandler                  0x080002fb   Thumb Code     0  startup_stm32f767xx.o(.text)
    DMA2_Stream5_IRQHandler                  0x080002fb   Thumb Code     0  startup_stm32f767xx.o(.text)
    DMA2_Stream6_IRQHandler                  0x080002fb   Thumb Code     0  startup_stm32f767xx.o(.text)
    DMA2_Stream7_IRQHandler                  0x080002fb   Thumb Code     0  startup_stm32f767xx.o(.text)
    ETH_IRQHandler                           0x080002fb   Thumb Code     0  startup_stm32f767xx.o(.text)
    ETH_WKUP_IRQHandler                      0x080002fb   Thumb Code     0  startup_stm32f767xx.o(.text)
    EXTI0_IRQHandler                         0x080002fb   Thumb Code     0  startup_stm32f767xx.o(.text)
    EXTI15_10_IRQHandler                     0x080002fb   Thumb Code     0  startup_stm32f767xx.o(.text)
    EXTI1_IRQHandler                         0x080002fb   Thumb Code     0  startup_stm32f767xx.o(.text)
    EXTI2_IRQHandler                         0x080002fb   Thumb Code     0  startup_stm32f767xx.o(.text)
    EXTI3_IRQHandler                         0x080002fb   Thumb Code     0  startup_stm32f767xx.o(.text)
    EXTI4_IRQHandler                         0x080002fb   Thumb Code     0  startup_stm32f767xx.o(.text)
    EXTI9_5_IRQHandler                       0x080002fb   Thumb Code     0  startup_stm32f767xx.o(.text)
    FLASH_IRQHandler                         0x080002fb   Thumb Code     0  startup_stm32f767xx.o(.text)
    FMC_IRQHandler                           0x080002fb   Thumb Code     0  startup_stm32f767xx.o(.text)
    FPU_IRQHandler                           0x080002fb   Thumb Code     0  startup_stm32f767xx.o(.text)
    I2C1_ER_IRQHandler                       0x080002fb   Thumb Code     0  startup_stm32f767xx.o(.text)
    I2C1_EV_IRQHandler                       0x080002fb   Thumb Code     0  startup_stm32f767xx.o(.text)
    I2C2_ER_IRQHandler                       0x080002fb   Thumb Code     0  startup_stm32f767xx.o(.text)
    I2C2_EV_IRQHandler                       0x080002fb   Thumb Code     0  startup_stm32f767xx.o(.text)
    I2C3_ER_IRQHandler                       0x080002fb   Thumb Code     0  startup_stm32f767xx.o(.text)
    I2C3_EV_IRQHandler                       0x080002fb   Thumb Code     0  startup_stm32f767xx.o(.text)
    I2C4_ER_IRQHandler                       0x080002fb   Thumb Code     0  startup_stm32f767xx.o(.text)
    I2C4_EV_IRQHandler                       0x080002fb   Thumb Code     0  startup_stm32f767xx.o(.text)
    JPEG_IRQHandler                          0x080002fb   Thumb Code     0  startup_stm32f767xx.o(.text)
    LPTIM1_IRQHandler                        0x080002fb   Thumb Code     0  startup_stm32f767xx.o(.text)
    LTDC_ER_IRQHandler                       0x080002fb   Thumb Code     0  startup_stm32f767xx.o(.text)
    LTDC_IRQHandler                          0x080002fb   Thumb Code     0  startup_stm32f767xx.o(.text)
    MDIOS_IRQHandler                         0x080002fb   Thumb Code     0  startup_stm32f767xx.o(.text)
    OTG_FS_IRQHandler                        0x080002fb   Thumb Code     0  startup_stm32f767xx.o(.text)
    OTG_FS_WKUP_IRQHandler                   0x080002fb   Thumb Code     0  startup_stm32f767xx.o(.text)
    OTG_HS_EP1_IN_IRQHandler                 0x080002fb   Thumb Code     0  startup_stm32f767xx.o(.text)
    OTG_HS_EP1_OUT_IRQHandler                0x080002fb   Thumb Code     0  startup_stm32f767xx.o(.text)
    OTG_HS_IRQHandler                        0x080002fb   Thumb Code     0  startup_stm32f767xx.o(.text)
    OTG_HS_WKUP_IRQHandler                   0x080002fb   Thumb Code     0  startup_stm32f767xx.o(.text)
    PVD_IRQHandler                           0x080002fb   Thumb Code     0  startup_stm32f767xx.o(.text)
    QUADSPI_IRQHandler                       0x080002fb   Thumb Code     0  startup_stm32f767xx.o(.text)
    RCC_IRQHandler                           0x080002fb   Thumb Code     0  startup_stm32f767xx.o(.text)
    RNG_IRQHandler                           0x080002fb   Thumb Code     0  startup_stm32f767xx.o(.text)
    RTC_Alarm_IRQHandler                     0x080002fb   Thumb Code     0  startup_stm32f767xx.o(.text)
    RTC_WKUP_IRQHandler                      0x080002fb   Thumb Code     0  startup_stm32f767xx.o(.text)
    SAI1_IRQHandler                          0x080002fb   Thumb Code     0  startup_stm32f767xx.o(.text)
    SAI2_IRQHandler                          0x080002fb   Thumb Code     0  startup_stm32f767xx.o(.text)
    SDMMC1_IRQHandler                        0x080002fb   Thumb Code     0  startup_stm32f767xx.o(.text)
    SDMMC2_IRQHandler                        0x080002fb   Thumb Code     0  startup_stm32f767xx.o(.text)
    SPDIF_RX_IRQHandler                      0x080002fb   Thumb Code     0  startup_stm32f767xx.o(.text)
    SPI1_IRQHandler                          0x080002fb   Thumb Code     0  startup_stm32f767xx.o(.text)
    SPI2_IRQHandler                          0x080002fb   Thumb Code     0  startup_stm32f767xx.o(.text)
    SPI3_IRQHandler                          0x080002fb   Thumb Code     0  startup_stm32f767xx.o(.text)
    SPI4_IRQHandler                          0x080002fb   Thumb Code     0  startup_stm32f767xx.o(.text)
    SPI5_IRQHandler                          0x080002fb   Thumb Code     0  startup_stm32f767xx.o(.text)
    SPI6_IRQHandler                          0x080002fb   Thumb Code     0  startup_stm32f767xx.o(.text)
    TAMP_STAMP_IRQHandler                    0x080002fb   Thumb Code     0  startup_stm32f767xx.o(.text)
    TIM1_BRK_TIM9_IRQHandler                 0x080002fb   Thumb Code     0  startup_stm32f767xx.o(.text)
    TIM1_TRG_COM_TIM11_IRQHandler            0x080002fb   Thumb Code     0  startup_stm32f767xx.o(.text)
    TIM2_IRQHandler                          0x080002fb   Thumb Code     0  startup_stm32f767xx.o(.text)
    TIM3_IRQHandler                          0x080002fb   Thumb Code     0  startup_stm32f767xx.o(.text)
    TIM4_IRQHandler                          0x080002fb   Thumb Code     0  startup_stm32f767xx.o(.text)
    TIM5_IRQHandler                          0x080002fb   Thumb Code     0  startup_stm32f767xx.o(.text)
    TIM6_DAC_IRQHandler                      0x080002fb   Thumb Code     0  startup_stm32f767xx.o(.text)
    TIM7_IRQHandler                          0x080002fb   Thumb Code     0  startup_stm32f767xx.o(.text)
    TIM8_BRK_TIM12_IRQHandler                0x080002fb   Thumb Code     0  startup_stm32f767xx.o(.text)
    TIM8_CC_IRQHandler                       0x080002fb   Thumb Code     0  startup_stm32f767xx.o(.text)
    TIM8_TRG_COM_TIM14_IRQHandler            0x080002fb   Thumb Code     0  startup_stm32f767xx.o(.text)
    TIM8_UP_TIM13_IRQHandler                 0x080002fb   Thumb Code     0  startup_stm32f767xx.o(.text)
    UART4_IRQHandler                         0x080002fb   Thumb Code     0  startup_stm32f767xx.o(.text)
    UART5_IRQHandler                         0x080002fb   Thumb Code     0  startup_stm32f767xx.o(.text)
    UART7_IRQHandler                         0x080002fb   Thumb Code     0  startup_stm32f767xx.o(.text)
    UART8_IRQHandler                         0x080002fb   Thumb Code     0  startup_stm32f767xx.o(.text)
    USART2_IRQHandler                        0x080002fb   Thumb Code     0  startup_stm32f767xx.o(.text)
    USART3_IRQHandler                        0x080002fb   Thumb Code     0  startup_stm32f767xx.o(.text)
    USART6_IRQHandler                        0x080002fb   Thumb Code     0  startup_stm32f767xx.o(.text)
    WWDG_IRQHandler                          0x080002fb   Thumb Code     0  startup_stm32f767xx.o(.text)
    __user_initial_stackheap                 0x080002fd   Thumb Code     0  startup_stm32f767xx.o(.text)
    __use_no_semihosting                     0x08000321   Thumb Code     2  use_no_semi_2.o(.text)
    __2printf                                0x08000325   Thumb Code    20  noretval__2printf.o(.text)
    __2sprintf                               0x0800033d   Thumb Code    34  noretval__2sprintf.o(.text)
    __printf                                 0x08000365   Thumb Code   104  __printf.o(.text)
    _printf_int_dec                          0x080003cd   Thumb Code   104  _printf_dec.o(.text)
    _printf_int_hex                          0x08000445   Thumb Code    84  _printf_hex_int.o(.text)
    _printf_longlong_hex                     0x08000445   Thumb Code     0  _printf_hex_int.o(.text)
    srand                                    0x0800049d   Thumb Code    42  rand.o(.text)
    _rand_init                               0x080004c7   Thumb Code     4  rand.o(.text)
    __use_two_region_memory                  0x080004d9   Thumb Code     2  heapauxi.o(.text)
    __rt_heap_escrow$2region                 0x080004db   Thumb Code     2  heapauxi.o(.text)
    __rt_heap_expand$2region                 0x080004dd   Thumb Code     2  heapauxi.o(.text)
    __I$use$semihosting                      0x080004df   Thumb Code     0  use_no_semi.o(.text)
    __use_no_semihosting_swi                 0x080004df   Thumb Code     2  use_no_semi.o(.text)
    _printf_int_common                       0x080004e1   Thumb Code   178  _printf_intcommon.o(.text)
    _printf_char_common                      0x0800059f   Thumb Code    32  _printf_char_common.o(.text)
    _sputc                                   0x080005c5   Thumb Code    10  _sputc.o(.text)
    _printf_char_file                        0x080005d1   Thumb Code    32  _printf_char_file.o(.text)
    ferror                                   0x080005f5   Thumb Code     8  ferror.o(.text)
    __user_setup_stackheap                   0x080005fd   Thumb Code    74  sys_stackheap_outer.o(.text)
    exit                                     0x08000647   Thumb Code    18  exit.o(.text)
    __user_libspace                          0x08000659   Thumb Code     8  libspace.o(.text)
    __user_perproc_libspace                  0x08000659   Thumb Code     0  libspace.o(.text)
    __user_perthread_libspace                0x08000659   Thumb Code     0  libspace.o(.text)
    BusFault_Handler                         0x08000661   Thumb Code     2  stm32f7xx_it.o(i.BusFault_Handler)
    DebugMon_Handler                         0x08000663   Thumb Code     2  stm32f7xx_it.o(i.DebugMon_Handler)
    FMC_NORSRAM_Extended_Timing_Init         0x08000665   Thumb Code    68  stm32f7xx_ll_fmc.o(i.FMC_NORSRAM_Extended_Timing_Init)
    FMC_NORSRAM_Init                         0x080006ad   Thumb Code   120  stm32f7xx_ll_fmc.o(i.FMC_NORSRAM_Init)
    FMC_NORSRAM_Timing_Init                  0x08000729   Thumb Code    96  stm32f7xx_ll_fmc.o(i.FMC_NORSRAM_Timing_Init)
    FMC_SDRAM_Init                           0x0800078d   Thumb Code    94  stm32f7xx_ll_fmc.o(i.FMC_SDRAM_Init)
    FMC_SDRAM_ProgramRefreshRate             0x080007eb   Thumb Code    12  stm32f7xx_ll_fmc.o(i.FMC_SDRAM_ProgramRefreshRate)
    FMC_SDRAM_SendCommand                    0x080007f7   Thumb Code    82  stm32f7xx_ll_fmc.o(i.FMC_SDRAM_SendCommand)
    FMC_SDRAM_Timing_Init                    0x08000849   Thumb Code   146  stm32f7xx_ll_fmc.o(i.FMC_SDRAM_Timing_Init)
    GPIO_Set                                 0x080008db   Thumb Code   156  sys.o(i.GPIO_Set)
    HAL_DMA_Abort_IT                         0x08000977   Thumb Code    36  stm32f7xx_hal_dma.o(i.HAL_DMA_Abort_IT)
    HAL_GPIO_Init                            0x0800099d   Thumb Code   544  stm32f7xx_hal_gpio.o(i.HAL_GPIO_Init)
    HAL_GPIO_ReadPin                         0x08000bcd   Thumb Code    10  stm32f7xx_hal_gpio.o(i.HAL_GPIO_ReadPin)
    HAL_GPIO_WritePin                        0x08000bd7   Thumb Code    10  stm32f7xx_hal_gpio.o(i.HAL_GPIO_WritePin)
    HAL_GetTick                              0x08000be1   Thumb Code     6  stm32f7xx_hal.o(i.HAL_GetTick)
    HAL_IncTick                              0x08000bed   Thumb Code    10  stm32f7xx_hal.o(i.HAL_IncTick)
    HAL_InitTick                             0x08000bfd   Thumb Code    34  stm32f7xx_hal.o(i.HAL_InitTick)
    HAL_LTDC_ConfigLayer                     0x08000c25   Thumb Code    88  stm32f7xx_hal_ltdc.o(i.HAL_LTDC_ConfigLayer)
    HAL_LTDC_Init                            0x08000c7d   Thumb Code   262  stm32f7xx_hal_ltdc.o(i.HAL_LTDC_Init)
    HAL_LTDC_MspInit                         0x08000d89   Thumb Code   216  ltdc.o(i.HAL_LTDC_MspInit)
    HAL_LTDC_SetWindowPosition               0x08000e7d   Thumb Code    88  stm32f7xx_hal_ltdc.o(i.HAL_LTDC_SetWindowPosition)
    HAL_LTDC_SetWindowSize                   0x08000ed5   Thumb Code    84  stm32f7xx_hal_ltdc.o(i.HAL_LTDC_SetWindowSize)
    HAL_MPU_ConfigRegion                     0x08000f29   Thumb Code    80  stm32f7xx_hal_cortex.o(i.HAL_MPU_ConfigRegion)
    HAL_NVIC_EnableIRQ                       0x08000f7d   Thumb Code    24  stm32f7xx_hal_cortex.o(i.HAL_NVIC_EnableIRQ)
    HAL_NVIC_SetPriority                     0x08000f95   Thumb Code    94  stm32f7xx_hal_cortex.o(i.HAL_NVIC_SetPriority)
    HAL_PWREx_EnableOverDrive                0x08000ff9   Thumb Code   114  stm32f7xx_hal_pwr_ex.o(i.HAL_PWREx_EnableOverDrive)
    HAL_RCCEx_PeriphCLKConfig                0x08001075   Thumb Code  1872  stm32f7xx_hal_rcc_ex.o(i.HAL_RCCEx_PeriphCLKConfig)
    HAL_RCC_ClockConfig                      0x080017cd   Thumb Code   368  stm32f7xx_hal_rcc.o(i.HAL_RCC_ClockConfig)
    HAL_RCC_GetPCLK1Freq                     0x08001951   Thumb Code    34  stm32f7xx_hal_rcc.o(i.HAL_RCC_GetPCLK1Freq)
    HAL_RCC_GetPCLK2Freq                     0x08001981   Thumb Code    34  stm32f7xx_hal_rcc.o(i.HAL_RCC_GetPCLK2Freq)
    HAL_RCC_GetSysClockFreq                  0x080019b1   Thumb Code   136  stm32f7xx_hal_rcc.o(i.HAL_RCC_GetSysClockFreq)
    HAL_RCC_OscConfig                        0x08001a49   Thumb Code   942  stm32f7xx_hal_rcc_ex.o(i.HAL_RCC_OscConfig)
    HAL_SDRAM_Init                           0x08001e0d   Thumb Code    66  stm32f7xx_hal_sdram.o(i.HAL_SDRAM_Init)
    HAL_SDRAM_MspInit                        0x08001e51   Thumb Code   196  sdram.o(i.HAL_SDRAM_MspInit)
    HAL_SDRAM_ProgramRefreshRate             0x08001f31   Thumb Code    36  stm32f7xx_hal_sdram.o(i.HAL_SDRAM_ProgramRefreshRate)
    HAL_SDRAM_SendCommand                    0x08001f55   Thumb Code    46  stm32f7xx_hal_sdram.o(i.HAL_SDRAM_SendCommand)
    HAL_SRAM_Init                            0x08001f83   Thumb Code    86  stm32f7xx_hal_sram.o(i.HAL_SRAM_Init)
    HAL_SRAM_MspInit                         0x08001fd9   Thumb Code   108  lcd.o(i.HAL_SRAM_MspInit)
    HAL_SYSTICK_CLKSourceConfig              0x08002055   Thumb Code    22  stm32f7xx_hal_cortex.o(i.HAL_SYSTICK_CLKSourceConfig)
    HAL_SYSTICK_Config                       0x0800206d   Thumb Code    38  stm32f7xx_hal_cortex.o(i.HAL_SYSTICK_Config)
    HAL_TIMEx_BreakCallback                  0x08002099   Thumb Code     2  stm32f7xx_hal_tim_ex.o(i.HAL_TIMEx_BreakCallback)
    HAL_TIMEx_CommutationCallback            0x0800209b   Thumb Code     2  stm32f7xx_hal_tim_ex.o(i.HAL_TIMEx_CommutationCallback)
    HAL_TIM_IC_CaptureCallback               0x0800209d   Thumb Code   206  remote.o(i.HAL_TIM_IC_CaptureCallback)
    HAL_TIM_IRQHandler                       0x08002179   Thumb Code   390  stm32f7xx_hal_tim.o(i.HAL_TIM_IRQHandler)
    HAL_TIM_OC_DelayElapsedCallback          0x080022ff   Thumb Code     2  stm32f7xx_hal_tim.o(i.HAL_TIM_OC_DelayElapsedCallback)
    HAL_TIM_PWM_PulseFinishedCallback        0x08002301   Thumb Code     2  stm32f7xx_hal_tim.o(i.HAL_TIM_PWM_PulseFinishedCallback)
    HAL_TIM_PeriodElapsedCallback            0x08002305   Thumb Code    68  remote.o(i.HAL_TIM_PeriodElapsedCallback)
    HAL_TIM_ReadCapturedValue                0x0800234d   Thumb Code    68  stm32f7xx_hal_tim.o(i.HAL_TIM_ReadCapturedValue)
    HAL_TIM_TriggerCallback                  0x08002391   Thumb Code     2  stm32f7xx_hal_tim.o(i.HAL_TIM_TriggerCallback)
    HAL_UART_ErrorCallback                   0x08002393   Thumb Code     2  stm32f7xx_hal_uart.o(i.HAL_UART_ErrorCallback)
    HAL_UART_IRQHandler                      0x08002395   Thumb Code   448  stm32f7xx_hal_uart.o(i.HAL_UART_IRQHandler)
    HAL_UART_Init                            0x08002559   Thumb Code   110  stm32f7xx_hal_uart.o(i.HAL_UART_Init)
    HAL_UART_MspInit                         0x080025c9   Thumb Code   130  usart.o(i.HAL_UART_MspInit)
    HAL_UART_Receive                         0x08002659   Thumb Code   240  stm32f7xx_hal_uart.o(i.HAL_UART_Receive)
    HAL_UART_RxCpltCallback                  0x08002749   Thumb Code     2  stm32f7xx_hal_uart.o(i.HAL_UART_RxCpltCallback)
    HAL_UART_TxCpltCallback                  0x0800274b   Thumb Code     2  stm32f7xx_hal_uart.o(i.HAL_UART_TxCpltCallback)
    HardFault_Handler                        0x0800274d   Thumb Code     2  stm32f7xx_it.o(i.HardFault_Handler)
    IIC_Init                                 0x08002751   Thumb Code    70  myiic.o(i.IIC_Init)
    IIC_Read_Byte                            0x080027a1   Thumb Code   228  myiic.o(i.IIC_Read_Byte)
    IIC_Send_Byte                            0x08002889   Thumb Code   114  myiic.o(i.IIC_Send_Byte)
    IIC_Start                                0x08002901   Thumb Code    76  myiic.o(i.IIC_Start)
    IIC_Stop                                 0x08002951   Thumb Code    76  myiic.o(i.IIC_Stop)
    IIC_Wait_Ack                             0x080029a1   Thumb Code   168  myiic.o(i.IIC_Wait_Ack)
    KEY_Init                                 0x08002a4d   Thumb Code   112  key.o(i.KEY_Init)
    KEY_Scan                                 0x08002acd   Thumb Code   216  key.o(i.KEY_Scan)
    LCD_Clear                                0x08002bb5   Thumb Code    72  lcd.o(i.LCD_Clear)
    LCD_Display_Dir                          0x08002c0d   Thumb Code   252  lcd.o(i.LCD_Display_Dir)
    LCD_DrawLine                             0x08002d11   Thumb Code   188  lcd.o(i.LCD_DrawLine)
    LCD_DrawRectangle                        0x08002de1   Thumb Code    58  lcd.o(i.LCD_DrawRectangle)
    LCD_Fast_DrawPoint                       0x08002e1d   Thumb Code   564  lcd.o(i.LCD_Fast_DrawPoint)
    LCD_Init                                 0x0800305d   Thumb Code 25020  lcd.o(i.LCD_Init)
    LCD_MPU_Config                           0x0800922d   Thumb Code   100  lcd.o(i.LCD_MPU_Config)
    LCD_SSD_BackLightSet                     0x08009299   Thumb Code   170  lcd.o(i.LCD_SSD_BackLightSet)
    LCD_Scan_Dir                             0x08009359   Thumb Code   772  lcd.o(i.LCD_Scan_Dir)
    LCD_SetCursor                            0x08009665   Thumb Code   628  lcd.o(i.LCD_SetCursor)
    LCD_ShowChar                             0x080098e1   Thumb Code   272  lcd.o(i.LCD_ShowChar)
    LCD_ShowString                           0x080099fd   Thumb Code    98  lcd.o(i.LCD_ShowString)
    LED_Init                                 0x08009a61   Thumb Code    68  led.o(i.LED_Init)
    LTDC_Clear                               0x08009aad   Thumb Code    28  ltdc.o(i.LTDC_Clear)
    LTDC_Display_Dir                         0x08009acd   Thumb Code    34  ltdc.o(i.LTDC_Display_Dir)
    LTDC_Draw_Point                          0x08009af5   Thumb Code    58  ltdc.o(i.LTDC_Draw_Point)
    LTDC_Fill                                0x08009b39   Thumb Code   166  ltdc.o(i.LTDC_Fill)
    LTDC_Init                                0x08009bf1   Thumb Code   590  ltdc.o(i.LTDC_Init)
    LTDC_Layer_Parameter_Config              0x08009e5d   Thumb Code    86  ltdc.o(i.LTDC_Layer_Parameter_Config)
    LTDC_PanelID_Read                        0x08009ebd   Thumb Code   182  ltdc.o(i.LTDC_PanelID_Read)
    NMI_Handler                              0x0800a145   Thumb Code     2  stm32f7xx_it.o(i.NMI_Handler)
    PCF8574_Init                             0x0800a149   Thumb Code   100  pcf8574.o(i.PCF8574_Init)
    PCF8574_WriteBit                         0x0800a1b5   Thumb Code    84  pcf8574.o(i.PCF8574_WriteBit)
    PendSV_Handler                           0x0800a209   Thumb Code     2  stm32f7xx_it.o(i.PendSV_Handler)
    SDRAM_Init                               0x0800a20d   Thumb Code   152  sdram.o(i.SDRAM_Init)
    SDRAM_Send_Cmd                           0x0800a2ad   Thumb Code    60  sdram.o(i.SDRAM_Send_Cmd)
    SVC_Handler                              0x0800a2ed   Thumb Code     2  stm32f7xx_it.o(i.SVC_Handler)
    Stm32_Clock_Init                         0x0800a2f1   Thumb Code   152  sys.o(i.Stm32_Clock_Init)
    SysTick_Handler                          0x0800a391   Thumb Code     4  stm32f7xx_it.o(i.SysTick_Handler)
    SystemInit                               0x0800a395   Thumb Code    64  system_stm32f7xx.o(i.SystemInit)
    TIM1_CC_IRQHandler                       0x0800a3ed   Thumb Code     6  remote.o(i.TIM1_CC_IRQHandler)
    TIM1_UP_TIM10_IRQHandler                 0x0800a3f9   Thumb Code     6  remote.o(i.TIM1_UP_TIM10_IRQHandler)
    UART_AdvFeatureConfig                    0x0800a405   Thumb Code   218  stm32f7xx_hal_uart.o(i.UART_AdvFeatureConfig)
    UART_CheckIdleState                      0x0800a4df   Thumb Code    96  stm32f7xx_hal_uart.o(i.UART_CheckIdleState)
    UART_SetConfig                           0x0800a5d1   Thumb Code   664  stm32f7xx_hal_uart.o(i.UART_SetConfig)
    UART_WaitOnFlagUntilTimeout              0x0800a879   Thumb Code   116  stm32f7xx_hal_uart.o(i.UART_WaitOnFlagUntilTimeout)
    USART1_IRQHandler                        0x0800a8ed   Thumb Code   108  usart.o(i.USART1_IRQHandler)
    UsageFault_Handler                       0x0800a965   Thumb Code     2  stm32f7xx_it.o(i.UsageFault_Handler)
    _sys_exit                                0x0800a967   Thumb Code     2  usart.o(i._sys_exit)
    delay_init                               0x0800a969   Thumb Code    16  delay.o(i.delay_init)
    delay_ms                                 0x0800a97d   Thumb Code    70  delay.o(i.delay_ms)
    delay_us                                 0x0800a9c9   Thumb Code    46  delay.o(i.delay_us)
    fputc                                    0x0800a9fd   Thumb Code    16  usart.o(i.fputc)
    init_snake                               0x0800aa11   Thumb Code    58  main.o(i.init_snake)
    main                                     0x0800aa55   Thumb Code   466  main.o(i.main)
    move                                     0x0800ac5d   Thumb Code   324  main.o(i.move)
    paint_menu                               0x0800ada9   Thumb Code   116  main.o(i.paint_menu)
    refresh                                  0x0800ae39   Thumb Code   152  main.o(i.refresh)
    uart_init                                0x0800aed9   Thumb Code    28  usart.o(i.uart_init)
    update_position                          0x0800aefd   Thumb Code    40  main.o(i.update_position)
    victory                                  0x0800af29   Thumb Code    74  main.o(i.victory)
    _fp_init                                 0x0800afa1   Thumb Code    10  fpinit.o(x$fpl$fpinit)
    __fplib_config_fpu_vfp                   0x0800afa9   Thumb Code     0  fpinit.o(x$fpl$fpinit)
    __fplib_config_pureend_doubles           0x0800afa9   Thumb Code     0  fpinit.o(x$fpl$fpinit)
    AHBPrescTable                            0x0800afaa   Data          16  system_stm32f7xx.o(.constdata)
    APBPrescTable                            0x0800afba   Data           8  system_stm32f7xx.o(.constdata)
    asc2_1206                                0x0800afc2   Data        1140  lcd.o(.constdata)
    asc2_1608                                0x0800b436   Data        1520  lcd.o(.constdata)
    asc2_2412                                0x0800ba26   Data        3420  lcd.o(.constdata)
    asc2_3216                                0x0800c782   Data       12160  lcd.o(.constdata)
    Region$$Table$$Base                      0x0800f72c   Number         0  anon$$obj.o(Region$$Table)
    Region$$Table$$Limit                     0x0800f74c   Number         0  anon$$obj.o(Region$$Table)
    key                                      0x20020000   Data           1  main.o(.data)
    color1                                   0x20020004   Data           4  main.o(.data)
    color7                                   0x20020008   Data           4  main.o(.data)
    color12                                  0x2002000c   Data           4  main.o(.data)
    color13                                  0x20020010   Data           4  main.o(.data)
    game_over_flag                           0x20020014   Data           4  main.o(.data)
    score                                    0x20020018   Data           4  main.o(.data)
    food_x                                   0x2002001c   Data           4  main.o(.data)
    food_y                                   0x20020020   Data           4  main.o(.data)
    SystemCoreClock                          0x20020024   Data           4  system_stm32f7xx.o(.data)
    uwTick                                   0x20020028   Data           4  stm32f7xx_hal.o(.data)
    USART_RX_STA                             0x20020030   Data           2  usart.o(.data)
    __stdout                                 0x20020034   Data           4  usart.o(.data)
    POINT_COLOR                              0x2002003c   Data           4  lcd.o(.data)
    BACK_COLOR                               0x20020040   Data           4  lcd.o(.data)
    ltdc_framebuf                            0x20020044   Data           8  ltdc.o(.data)
    RmtSta                                   0x2002004c   Data           1  remote.o(.data)
    RmtCnt                                   0x2002004d   Data           1  remote.o(.data)
    Dval                                     0x2002004e   Data           2  remote.o(.data)
    RmtRec                                   0x20020050   Data           4  remote.o(.data)
    snake                                    0x20020054   Data         408  main.o(.bss)
    USART_RX_BUF                             0x200201ec   Data         200  usart.o(.bss)
    UART1_Handler                            0x200202b4   Data         112  usart.o(.bss)
    SDRAM_Handler                            0x20020324   Data          52  sdram.o(.bss)
    SRAM_Handler                             0x20020358   Data          76  lcd.o(.bss)
    lcddev                                   0x200203a4   Data          14  lcd.o(.bss)
    LTDC_Handler                             0x200203b4   Data         168  ltdc.o(.bss)
    lcdltdc                                  0x2002045c   Data          32  ltdc.o(.bss)
    TIM1_Handler                             0x2002047c   Data          60  remote.o(.bss)
    _random_number_data                      0x200204b8   Data         228  rand.o(.bss)
    __libspace_start                         0x2002059c   Data          96  libspace.o(.bss)
    __temporary_stack_top$libspace           0x200205fc   Data           0  libspace.o(.bss)
    ltdc_lcd_framebuf                        0xc0000000   Data       2048000  ltdc.o(.ARM.__AT_0xC0000000)



==============================================================================

Memory Map of the image

  Image Entry point : 0x080001f9

  Load Region LR_IROM1 (Base: 0x08000000, Size: 0x0000f7a0, Max: 0x00100000, ABSOLUTE)

    Execution Region ER_IROM1 (Base: 0x08000000, Size: 0x0000f74c, Max: 0x00100000, ABSOLUTE)

    Base Addr    Size         Type   Attr      Idx    E Section Name        Object

    0x08000000   0x000001f8   Data   RO          629    RESET               startup_stm32f767xx.o
    0x080001f8   0x00000008   Code   RO         4927  * !!!main             c_w.l(__main.o)
    0x08000200   0x00000034   Code   RO         5097    !!!scatter          c_w.l(__scatter.o)
    0x08000234   0x0000001a   Code   RO         5099    !!handler_copy      c_w.l(__scatter_copy.o)
    0x0800024e   0x00000002   PAD
    0x08000250   0x0000001c   Code   RO         5101    !!handler_zi        c_w.l(__scatter_zi.o)
    0x0800026c   0x00000000   Code   RO         4919    .ARM.Collect$$_printf_percent$$00000000  c_w.l(_printf_percent.o)
    0x0800026c   0x00000006   Code   RO         4918    .ARM.Collect$$_printf_percent$$00000009  c_w.l(_printf_d.o)
    0x08000272   0x00000006   Code   RO         4917    .ARM.Collect$$_printf_percent$$0000000C  c_w.l(_printf_x.o)
    0x08000278   0x00000004   Code   RO         4940    .ARM.Collect$$_printf_percent$$00000017  c_w.l(_printf_percent_end.o)
    0x0800027c   0x00000002   Code   RO         5024    .ARM.Collect$$libinit$$00000000  c_w.l(libinit.o)
    0x0800027e   0x00000004   Code   RO         4941    .ARM.Collect$$libinit$$00000001  c_w.l(libinit2.o)
    0x08000282   0x00000000   Code   RO         4944    .ARM.Collect$$libinit$$00000004  c_w.l(libinit2.o)
    0x08000282   0x00000000   Code   RO         4947    .ARM.Collect$$libinit$$0000000A  c_w.l(libinit2.o)
    0x08000282   0x00000000   Code   RO         4949    .ARM.Collect$$libinit$$0000000C  c_w.l(libinit2.o)
    0x08000282   0x00000004   Code   RO         4950    .ARM.Collect$$libinit$$0000000D  c_w.l(libinit2.o)
    0x08000286   0x00000000   Code   RO         4951    .ARM.Collect$$libinit$$0000000E  c_w.l(libinit2.o)
    0x08000286   0x00000000   Code   RO         4954    .ARM.Collect$$libinit$$00000011  c_w.l(libinit2.o)
    0x08000286   0x00000000   Code   RO         4956    .ARM.Collect$$libinit$$00000013  c_w.l(libinit2.o)
    0x08000286   0x00000000   Code   RO         4958    .ARM.Collect$$libinit$$00000015  c_w.l(libinit2.o)
    0x08000286   0x00000000   Code   RO         4960    .ARM.Collect$$libinit$$00000017  c_w.l(libinit2.o)
    0x08000286   0x00000000   Code   RO         4962    .ARM.Collect$$libinit$$00000019  c_w.l(libinit2.o)
    0x08000286   0x00000000   Code   RO         4964    .ARM.Collect$$libinit$$0000001B  c_w.l(libinit2.o)
    0x08000286   0x00000000   Code   RO         4966    .ARM.Collect$$libinit$$0000001D  c_w.l(libinit2.o)
    0x08000286   0x00000000   Code   RO         4968    .ARM.Collect$$libinit$$0000001F  c_w.l(libinit2.o)
    0x08000286   0x00000000   Code   RO         4970    .ARM.Collect$$libinit$$00000021  c_w.l(libinit2.o)
    0x08000286   0x00000000   Code   RO         4972    .ARM.Collect$$libinit$$00000023  c_w.l(libinit2.o)
    0x08000286   0x00000000   Code   RO         4974    .ARM.Collect$$libinit$$00000025  c_w.l(libinit2.o)
    0x08000286   0x00000000   Code   RO         4978    .ARM.Collect$$libinit$$0000002C  c_w.l(libinit2.o)
    0x08000286   0x00000000   Code   RO         4980    .ARM.Collect$$libinit$$0000002E  c_w.l(libinit2.o)
    0x08000286   0x00000000   Code   RO         4982    .ARM.Collect$$libinit$$00000030  c_w.l(libinit2.o)
    0x08000286   0x00000000   Code   RO         4984    .ARM.Collect$$libinit$$00000032  c_w.l(libinit2.o)
    0x08000286   0x00000002   Code   RO         4985    .ARM.Collect$$libinit$$00000033  c_w.l(libinit2.o)
    0x08000288   0x00000002   Code   RO         5058    .ARM.Collect$$libshutdown$$00000000  c_w.l(libshutdown.o)
    0x0800028a   0x00000000   Code   RO         5064    .ARM.Collect$$libshutdown$$00000002  c_w.l(libshutdown2.o)
    0x0800028a   0x00000000   Code   RO         5066    .ARM.Collect$$libshutdown$$00000004  c_w.l(libshutdown2.o)
    0x0800028a   0x00000000   Code   RO         5069    .ARM.Collect$$libshutdown$$00000007  c_w.l(libshutdown2.o)
    0x0800028a   0x00000000   Code   RO         5072    .ARM.Collect$$libshutdown$$0000000A  c_w.l(libshutdown2.o)
    0x0800028a   0x00000000   Code   RO         5074    .ARM.Collect$$libshutdown$$0000000C  c_w.l(libshutdown2.o)
    0x0800028a   0x00000000   Code   RO         5077    .ARM.Collect$$libshutdown$$0000000F  c_w.l(libshutdown2.o)
    0x0800028a   0x00000002   Code   RO         5078    .ARM.Collect$$libshutdown$$00000010  c_w.l(libshutdown2.o)
    0x0800028c   0x00000000   Code   RO         4931    .ARM.Collect$$rtentry$$00000000  c_w.l(__rtentry.o)
    0x0800028c   0x00000000   Code   RO         4987    .ARM.Collect$$rtentry$$00000002  c_w.l(__rtentry2.o)
    0x0800028c   0x00000006   Code   RO         4999    .ARM.Collect$$rtentry$$00000004  c_w.l(__rtentry4.o)
    0x08000292   0x00000000   Code   RO         4989    .ARM.Collect$$rtentry$$00000009  c_w.l(__rtentry2.o)
    0x08000292   0x00000004   Code   RO         4990    .ARM.Collect$$rtentry$$0000000A  c_w.l(__rtentry2.o)
    0x08000296   0x00000000   Code   RO         4992    .ARM.Collect$$rtentry$$0000000C  c_w.l(__rtentry2.o)
    0x08000296   0x00000008   Code   RO         4993    .ARM.Collect$$rtentry$$0000000D  c_w.l(__rtentry2.o)
    0x0800029e   0x00000002   Code   RO         5030    .ARM.Collect$$rtexit$$00000000  c_w.l(rtexit.o)
    0x080002a0   0x00000000   Code   RO         5040    .ARM.Collect$$rtexit$$00000002  c_w.l(rtexit2.o)
    0x080002a0   0x00000004   Code   RO         5041    .ARM.Collect$$rtexit$$00000003  c_w.l(rtexit2.o)
    0x080002a4   0x00000006   Code   RO         5042    .ARM.Collect$$rtexit$$00000004  c_w.l(rtexit2.o)
    0x080002aa   0x00000002   PAD
    0x080002ac   0x00000034   Code   RO         4920    .emb_text           c_w.l(rand.o)
    0x080002e0   0x00000040   Code   RO          630    .text               startup_stm32f767xx.o
    0x08000320   0x00000002   Code   RO         4862    .text               c_w.l(use_no_semi_2.o)
    0x08000322   0x00000002   PAD
    0x08000324   0x00000018   Code   RO         4868    .text               c_w.l(noretval__2printf.o)
    0x0800033c   0x00000028   Code   RO         4870    .text               c_w.l(noretval__2sprintf.o)
    0x08000364   0x00000068   Code   RO         4872    .text               c_w.l(__printf.o)
    0x080003cc   0x00000078   Code   RO         4874    .text               c_w.l(_printf_dec.o)
    0x08000444   0x00000058   Code   RO         4879    .text               c_w.l(_printf_hex_int.o)
    0x0800049c   0x0000003c   Code   RO         4921    .text               c_w.l(rand.o)
    0x080004d8   0x00000006   Code   RO         4925    .text               c_w.l(heapauxi.o)
    0x080004de   0x00000002   Code   RO         4929    .text               c_w.l(use_no_semi.o)
    0x080004e0   0x000000b2   Code   RO         4932    .text               c_w.l(_printf_intcommon.o)
    0x08000592   0x00000002   PAD
    0x08000594   0x00000030   Code   RO         4934    .text               c_w.l(_printf_char_common.o)
    0x080005c4   0x0000000a   Code   RO         4936    .text               c_w.l(_sputc.o)
    0x080005ce   0x00000002   PAD
    0x080005d0   0x00000024   Code   RO         4938    .text               c_w.l(_printf_char_file.o)
    0x080005f4   0x00000008   Code   RO         5003    .text               c_w.l(ferror.o)
    0x080005fc   0x0000004a   Code   RO         5011    .text               c_w.l(sys_stackheap_outer.o)
    0x08000646   0x00000012   Code   RO         5013    .text               c_w.l(exit.o)
    0x08000658   0x00000008   Code   RO         5027    .text               c_w.l(libspace.o)
    0x08000660   0x00000002   Code   RO          399    i.BusFault_Handler  stm32f7xx_it.o
    0x08000662   0x00000002   Code   RO          400    i.DebugMon_Handler  stm32f7xx_it.o
    0x08000664   0x00000048   Code   RO         2841    i.FMC_NORSRAM_Extended_Timing_Init  stm32f7xx_ll_fmc.o
    0x080006ac   0x0000007c   Code   RO         2842    i.FMC_NORSRAM_Init  stm32f7xx_ll_fmc.o
    0x08000728   0x00000064   Code   RO         2843    i.FMC_NORSRAM_Timing_Init  stm32f7xx_ll_fmc.o
    0x0800078c   0x0000005e   Code   RO         2848    i.FMC_SDRAM_Init    stm32f7xx_ll_fmc.o
    0x080007ea   0x0000000c   Code   RO         2849    i.FMC_SDRAM_ProgramRefreshRate  stm32f7xx_ll_fmc.o
    0x080007f6   0x00000052   Code   RO         2850    i.FMC_SDRAM_SendCommand  stm32f7xx_ll_fmc.o
    0x08000848   0x00000092   Code   RO         2852    i.FMC_SDRAM_Timing_Init  stm32f7xx_ll_fmc.o
    0x080008da   0x0000009c   Code   RO         3954    i.GPIO_Set          sys.o
    0x08000976   0x00000024   Code   RO          927    i.HAL_DMA_Abort_IT  stm32f7xx_hal_dma.o
    0x0800099a   0x00000002   PAD
    0x0800099c   0x00000230   Code   RO         1056    i.HAL_GPIO_Init     stm32f7xx_hal_gpio.o
    0x08000bcc   0x0000000a   Code   RO         1058    i.HAL_GPIO_ReadPin  stm32f7xx_hal_gpio.o
    0x08000bd6   0x0000000a   Code   RO         1060    i.HAL_GPIO_WritePin  stm32f7xx_hal_gpio.o
    0x08000be0   0x0000000c   Code   RO          654    i.HAL_GetTick       stm32f7xx_hal.o
    0x08000bec   0x00000010   Code   RO          655    i.HAL_IncTick       stm32f7xx_hal.o
    0x08000bfc   0x00000028   Code   RO          657    i.HAL_InitTick      stm32f7xx_hal.o
    0x08000c24   0x00000058   Code   RO         3262    i.HAL_LTDC_ConfigLayer  stm32f7xx_hal_ltdc.o
    0x08000c7c   0x0000010c   Code   RO         3279    i.HAL_LTDC_Init     stm32f7xx_hal_ltdc.o
    0x08000d88   0x000000f4   Code   RO         4407    i.HAL_LTDC_MspInit  ltdc.o
    0x08000e7c   0x00000058   Code   RO         3294    i.HAL_LTDC_SetWindowPosition  stm32f7xx_hal_ltdc.o
    0x08000ed4   0x00000054   Code   RO         3296    i.HAL_LTDC_SetWindowSize  stm32f7xx_hal_ltdc.o
    0x08000f28   0x00000054   Code   RO          808    i.HAL_MPU_ConfigRegion  stm32f7xx_hal_cortex.o
    0x08000f7c   0x00000018   Code   RO          811    i.HAL_NVIC_EnableIRQ  stm32f7xx_hal_cortex.o
    0x08000f94   0x00000064   Code   RO          817    i.HAL_NVIC_SetPriority  stm32f7xx_hal_cortex.o
    0x08000ff8   0x0000007c   Code   RO         1249    i.HAL_PWREx_EnableOverDrive  stm32f7xx_hal_pwr_ex.o
    0x08001074   0x00000758   Code   RO         1438    i.HAL_RCCEx_PeriphCLKConfig  stm32f7xx_hal_rcc_ex.o
    0x080017cc   0x00000184   Code   RO         1336    i.HAL_RCC_ClockConfig  stm32f7xx_hal_rcc.o
    0x08001950   0x00000030   Code   RO         1343    i.HAL_RCC_GetPCLK1Freq  stm32f7xx_hal_rcc.o
    0x08001980   0x00000030   Code   RO         1344    i.HAL_RCC_GetPCLK2Freq  stm32f7xx_hal_rcc.o
    0x080019b0   0x00000098   Code   RO         1345    i.HAL_RCC_GetSysClockFreq  stm32f7xx_hal_rcc.o
    0x08001a48   0x000003c4   Code   RO         1439    i.HAL_RCC_OscConfig  stm32f7xx_hal_rcc_ex.o
    0x08001e0c   0x00000042   Code   RO         3109    i.HAL_SDRAM_Init    stm32f7xx_hal_sdram.o
    0x08001e4e   0x00000002   PAD
    0x08001e50   0x000000e0   Code   RO         4126    i.HAL_SDRAM_MspInit  sdram.o
    0x08001f30   0x00000024   Code   RO         3112    i.HAL_SDRAM_ProgramRefreshRate  stm32f7xx_hal_sdram.o
    0x08001f54   0x0000002e   Code   RO         3118    i.HAL_SDRAM_SendCommand  stm32f7xx_hal_sdram.o
    0x08001f82   0x00000056   Code   RO         2987    i.HAL_SRAM_Init     stm32f7xx_hal_sram.o
    0x08001fd8   0x0000007c   Code   RO         4183    i.HAL_SRAM_MspInit  lcd.o
    0x08002054   0x00000016   Code   RO          820    i.HAL_SYSTICK_CLKSourceConfig  stm32f7xx_hal_cortex.o
    0x0800206a   0x00000002   PAD
    0x0800206c   0x0000002c   Code   RO          822    i.HAL_SYSTICK_Config  stm32f7xx_hal_cortex.o
    0x08002098   0x00000002   Code   RO         2564    i.HAL_TIMEx_BreakCallback  stm32f7xx_hal_tim_ex.o
    0x0800209a   0x00000002   Code   RO         2565    i.HAL_TIMEx_CommutationCallback  stm32f7xx_hal_tim_ex.o
    0x0800209c   0x000000dc   Code   RO         4583    i.HAL_TIM_IC_CaptureCallback  remote.o
    0x08002178   0x00000186   Code   RO         2004    i.HAL_TIM_IRQHandler  stm32f7xx_hal_tim.o
    0x080022fe   0x00000002   Code   RO         2007    i.HAL_TIM_OC_DelayElapsedCallback  stm32f7xx_hal_tim.o
    0x08002300   0x00000002   Code   RO         2034    i.HAL_TIM_PWM_PulseFinishedCallback  stm32f7xx_hal_tim.o
    0x08002302   0x00000002   PAD
    0x08002304   0x00000048   Code   RO         4585    i.HAL_TIM_PeriodElapsedCallback  remote.o
    0x0800234c   0x00000044   Code   RO         2042    i.HAL_TIM_ReadCapturedValue  stm32f7xx_hal_tim.o
    0x08002390   0x00000002   Code   RO         2045    i.HAL_TIM_TriggerCallback  stm32f7xx_hal_tim.o
    0x08002392   0x00000002   Code   RO         1493    i.HAL_UART_ErrorCallback  stm32f7xx_hal_uart.o
    0x08002394   0x000001c4   Code   RO         1496    i.HAL_UART_IRQHandler  stm32f7xx_hal_uart.o
    0x08002558   0x0000006e   Code   RO         1497    i.HAL_UART_Init     stm32f7xx_hal_uart.o
    0x080025c6   0x00000002   PAD
    0x080025c8   0x00000090   Code   RO         4008    i.HAL_UART_MspInit  usart.o
    0x08002658   0x000000f0   Code   RO         1500    i.HAL_UART_Receive  stm32f7xx_hal_uart.o
    0x08002748   0x00000002   Code   RO         1503    i.HAL_UART_RxCpltCallback  stm32f7xx_hal_uart.o
    0x0800274a   0x00000002   Code   RO         1508    i.HAL_UART_TxCpltCallback  stm32f7xx_hal_uart.o
    0x0800274c   0x00000002   Code   RO          401    i.HardFault_Handler  stm32f7xx_it.o
    0x0800274e   0x00000002   PAD
    0x08002750   0x00000050   Code   RO         4520    i.IIC_Init          myiic.o
    0x080027a0   0x000000e8   Code   RO         4522    i.IIC_Read_Byte     myiic.o
    0x08002888   0x00000078   Code   RO         4523    i.IIC_Send_Byte     myiic.o
    0x08002900   0x00000050   Code   RO         4524    i.IIC_Start         myiic.o
    0x08002950   0x00000050   Code   RO         4525    i.IIC_Stop          myiic.o
    0x080029a0   0x000000ac   Code   RO         4526    i.IIC_Wait_Ack      myiic.o
    0x08002a4c   0x00000080   Code   RO         4093    i.KEY_Init          key.o
    0x08002acc   0x000000e8   Code   RO         4094    i.KEY_Scan          key.o
    0x08002bb4   0x00000058   Code   RO         4185    i.LCD_Clear         lcd.o
    0x08002c0c   0x00000104   Code   RO         4189    i.LCD_Display_Dir   lcd.o
    0x08002d10   0x000000d0   Code   RO         4190    i.LCD_DrawLine      lcd.o
    0x08002de0   0x0000003a   Code   RO         4192    i.LCD_DrawRectangle  lcd.o
    0x08002e1a   0x00000002   PAD
    0x08002e1c   0x00000240   Code   RO         4194    i.LCD_Fast_DrawPoint  lcd.o
    0x0800305c   0x000061d0   Code   RO         4196    i.LCD_Init          lcd.o
    0x0800922c   0x0000006c   Code   RO         4197    i.LCD_MPU_Config    lcd.o
    0x08009298   0x000000c0   Code   RO         4202    i.LCD_SSD_BackLightSet  lcd.o
    0x08009358   0x0000030c   Code   RO         4203    i.LCD_Scan_Dir      lcd.o
    0x08009664   0x0000027c   Code   RO         4204    i.LCD_SetCursor     lcd.o
    0x080098e0   0x0000011c   Code   RO         4206    i.LCD_ShowChar      lcd.o
    0x080099fc   0x00000062   Code   RO         4208    i.LCD_ShowString    lcd.o
    0x08009a5e   0x00000002   PAD
    0x08009a60   0x0000004c   Code   RO         4069    i.LED_Init          led.o
    0x08009aac   0x00000020   Code   RO         4408    i.LTDC_Clear        ltdc.o
    0x08009acc   0x00000028   Code   RO         4411    i.LTDC_Display_Dir  ltdc.o
    0x08009af4   0x00000044   Code   RO         4412    i.LTDC_Draw_Point   ltdc.o
    0x08009b38   0x000000b8   Code   RO         4413    i.LTDC_Fill         ltdc.o
    0x08009bf0   0x0000026c   Code   RO         4414    i.LTDC_Init         ltdc.o
    0x08009e5c   0x00000060   Code   RO         4415    i.LTDC_Layer_Parameter_Config  ltdc.o
    0x08009ebc   0x000000c4   Code   RO         4418    i.LTDC_PanelID_Read  ltdc.o
    0x08009f80   0x000001c4   Code   RO         3298    i.LTDC_SetConfig    stm32f7xx_hal_ltdc.o
    0x0800a144   0x00000002   Code   RO          402    i.NMI_Handler       stm32f7xx_it.o
    0x0800a146   0x00000002   PAD
    0x0800a148   0x0000006c   Code   RO         4816    i.PCF8574_Init      pcf8574.o
    0x0800a1b4   0x00000054   Code   RO         4819    i.PCF8574_WriteBit  pcf8574.o
    0x0800a208   0x00000002   Code   RO          403    i.PendSV_Handler    stm32f7xx_it.o
    0x0800a20a   0x00000002   PAD
    0x0800a20c   0x000000a0   Code   RO         4127    i.SDRAM_Init        sdram.o
    0x0800a2ac   0x00000040   Code   RO         4129    i.SDRAM_Send_Cmd    sdram.o
    0x0800a2ec   0x00000002   Code   RO          404    i.SVC_Handler       stm32f7xx_it.o
    0x0800a2ee   0x00000002   PAD
    0x0800a2f0   0x000000a0   Code   RO         3957    i.Stm32_Clock_Init  sys.o
    0x0800a390   0x00000004   Code   RO          405    i.SysTick_Handler   stm32f7xx_it.o
    0x0800a394   0x00000058   Code   RO          472    i.SystemInit        system_stm32f7xx.o
    0x0800a3ec   0x0000000c   Code   RO         4588    i.TIM1_CC_IRQHandler  remote.o
    0x0800a3f8   0x0000000c   Code   RO         4589    i.TIM1_UP_TIM10_IRQHandler  remote.o
    0x0800a404   0x000000da   Code   RO         1510    i.UART_AdvFeatureConfig  stm32f7xx_hal_uart.o
    0x0800a4de   0x00000060   Code   RO         1511    i.UART_CheckIdleState  stm32f7xx_hal_uart.o
    0x0800a53e   0x00000014   Code   RO         1512    i.UART_DMAAbortOnError  stm32f7xx_hal_uart.o
    0x0800a552   0x0000007c   Code   RO         1518    i.UART_Receive_IT   stm32f7xx_hal_uart.o
    0x0800a5ce   0x00000002   PAD
    0x0800a5d0   0x000002a8   Code   RO         1519    i.UART_SetConfig    stm32f7xx_hal_uart.o
    0x0800a878   0x00000074   Code   RO         1520    i.UART_WaitOnFlagUntilTimeout  stm32f7xx_hal_uart.o
    0x0800a8ec   0x00000078   Code   RO         4009    i.USART1_IRQHandler  usart.o
    0x0800a964   0x00000002   Code   RO          406    i.UsageFault_Handler  stm32f7xx_it.o
    0x0800a966   0x00000002   Code   RO         4010    i._sys_exit         usart.o
    0x0800a968   0x00000014   Code   RO         3914    i.delay_init        delay.o
    0x0800a97c   0x0000004c   Code   RO         3915    i.delay_ms          delay.o
    0x0800a9c8   0x00000034   Code   RO         3916    i.delay_us          delay.o
    0x0800a9fc   0x00000014   Code   RO         4011    i.fputc             usart.o
    0x0800aa10   0x00000044   Code   RO            6    i.init_snake        main.o
    0x0800aa54   0x00000208   Code   RO           10    i.main              main.o
    0x0800ac5c   0x0000014c   Code   RO           11    i.move              main.o
    0x0800ada8   0x00000090   Code   RO           16    i.paint_menu        main.o
    0x0800ae38   0x000000a0   Code   RO           17    i.refresh           main.o
    0x0800aed8   0x00000024   Code   RO         4012    i.uart_init         usart.o
    0x0800aefc   0x0000002c   Code   RO           19    i.update_position   main.o
    0x0800af28   0x00000078   Code   RO           20    i.victory           main.o
    0x0800afa0   0x0000000a   Code   RO         5009    x$fpl$fpinit        fz_wv.l(fpinit.o)
    0x0800afaa   0x00000010   Data   RO          473    .constdata          system_stm32f7xx.o
    0x0800afba   0x00000008   Data   RO          474    .constdata          system_stm32f7xx.o
    0x0800afc2   0x00004740   Data   RO         4217    .constdata          lcd.o
    0x0800f702   0x00000028   Data   RO         4880    .constdata          c_w.l(_printf_hex_int.o)
    0x0800f72a   0x00000002   PAD
    0x0800f72c   0x00000020   Data   RO         5095    Region$$Table       anon$$obj.o


    Execution Region RW_IRAM1 (Base: 0x20020000, Size: 0x00000c00, Max: 0x00060000, ABSOLUTE)

    Base Addr    Size         Type   Attr      Idx    E Section Name        Object

    0x20020000   0x00000024   Data   RW           22    .data               main.o
    0x20020024   0x00000004   Data   RW          475    .data               system_stm32f7xx.o
    0x20020028   0x00000004   Data   RW          662    .data               stm32f7xx_hal.o
    0x2002002c   0x00000004   Data   RW         3917    .data               delay.o
    0x20020030   0x00000002   Data   RW         4014    .data               usart.o
    0x20020032   0x00000002   PAD
    0x20020034   0x00000004   Data   RW         4015    .data               usart.o
    0x20020038   0x00000001   Data   RW         4095    .data               key.o
    0x20020039   0x00000003   PAD
    0x2002003c   0x00000008   Data   RW         4218    .data               lcd.o
    0x20020044   0x00000008   Data   RW         4425    .data               ltdc.o
    0x2002004c   0x00000008   Data   RW         4591    .data               remote.o
    0x20020054   0x00000198   Zero   RW           21    .bss                main.o
    0x200201ec   0x00000138   Zero   RW         4013    .bss                usart.o
    0x20020324   0x00000034   Zero   RW         4130    .bss                sdram.o
    0x20020358   0x0000005a   Zero   RW         4216    .bss                lcd.o
    0x200203b2   0x00000002   PAD
    0x200203b4   0x000000c8   Zero   RW         4423    .bss                ltdc.o
    0x2002047c   0x0000003c   Zero   RW         4590    .bss                remote.o
    0x200204b8   0x000000e4   Zero   RW         4922    .bss                c_w.l(rand.o)
    0x2002059c   0x00000060   Zero   RW         5028    .bss                c_w.l(libspace.o)
    0x200205fc   0x00000004   PAD
    0x20020600   0x00000200   Zero   RW          628    HEAP                startup_stm32f767xx.o
    0x20020800   0x00000400   Zero   RW          627    STACK               startup_stm32f767xx.o



  Load Region LR$$.ARM.__AT_0xC0000000 (Base: 0xc0000000, Size: 0x00000000, Max: 0x001f4000, ABSOLUTE)

    Execution Region ER$$.ARM.__AT_0xC0000000 (Base: 0xc0000000, Size: 0x001f4000, Max: 0x001f4000, ABSOLUTE, UNINIT)

    Base Addr    Size         Type   Attr      Idx    E Section Name        Object

    0xc0000000   0x001f4000   Zero   RW         4422    .ARM.__AT_0xC0000000  ltdc.o


==============================================================================

Image component sizes


      Code (inc. data)   RO Data    RW Data    ZI Data      Debug   Object Name

       148         16          0          4          0       2659   delay.o
       360         32          0          1          0       1826   key.o
     28452        224      18240          8         90     116577   lcd.o
        76          8          0          0          0        879   led.o
      1480        126          0          8    2048200       9176   ltdc.o
      1388        158          0         36        408     469193   main.o
       764         32          0          0          0       4310   myiic.o
       192          8          0          0          0       2045   pcf8574.o
       316         30          0          8         60       3022   remote.o
       448         40          0          0         52       3076   sdram.o
        64         26        504          0       1536        836   startup_stm32f767xx.o
        68         18          0          4          0       2684   stm32f7xx_hal.o
       274         16          0          0          0      35849   stm32f7xx_hal_cortex.o
        36          0          0          0          0       1567   stm32f7xx_hal_dma.o
       580         16          0          0          0       3355   stm32f7xx_hal_gpio.o
       980          6          0          0          0       4753   stm32f7xx_hal_ltdc.o
       124         10          0          0          0       1316   stm32f7xx_hal_pwr_ex.o
       636         64          0          0          0       3886   stm32f7xx_hal_rcc.o
      2844         62          0          0          0       4196   stm32f7xx_hal_rcc_ex.o
       148          0          0          0          0       2812   stm32f7xx_hal_sdram.o
        86          0          0          0          0       1248   stm32f7xx_hal_sram.o
       464          0          0          0          0       5701   stm32f7xx_hal_tim.o
         4          0          0          0          0       1946   stm32f7xx_hal_tim_ex.o
      2062         40          0          0          0      11047   stm32f7xx_hal_uart.o
        18          0          0          0          0       3626   stm32f7xx_it.o
       630         12          0          0          0       6220   stm32f7xx_ll_fmc.o
       316          8          0          0          0       2058   sys.o
        88         24         24          4          0       1123   system_stm32f7xx.o
       322         38          0          6        312       4887   usart.o

    ----------------------------------------------------------------------
     43392       1014      18800         84    2050660     711873   Object Totals
         0          0         32          0          0          0   (incl. Generated)
        24          0          0          5          2          0   (incl. Padding)

    ----------------------------------------------------------------------

      Code (inc. data)   RO Data    RW Data    ZI Data      Debug   Library Member Name

         8          0          0          0          0         68   __main.o
       104          0          0          0          0         84   __printf.o
         0          0          0          0          0          0   __rtentry.o
        12          0          0          0          0          0   __rtentry2.o
         6          0          0          0          0          0   __rtentry4.o
        52          8          0          0          0          0   __scatter.o
        26          0          0          0          0          0   __scatter_copy.o
        28          0          0          0          0          0   __scatter_zi.o
        48          6          0          0          0         96   _printf_char_common.o
        36          4          0          0          0         80   _printf_char_file.o
         6          0          0          0          0          0   _printf_d.o
       120         16          0          0          0         92   _printf_dec.o
        88          4         40          0          0         88   _printf_hex_int.o
       178          0          0          0          0         88   _printf_intcommon.o
         0          0          0          0          0          0   _printf_percent.o
         4          0          0          0          0          0   _printf_percent_end.o
         6          0          0          0          0          0   _printf_x.o
        10          0          0          0          0         68   _sputc.o
        18          0          0          0          0         80   exit.o
         8          0          0          0          0         68   ferror.o
         6          0          0          0          0        152   heapauxi.o
         2          0          0          0          0          0   libinit.o
        10          0          0          0          0          0   libinit2.o
         2          0          0          0          0          0   libshutdown.o
         2          0          0          0          0          0   libshutdown2.o
         8          4          0          0         96         68   libspace.o
        24          4          0          0          0         84   noretval__2printf.o
        40          6          0          0          0         84   noretval__2sprintf.o
       112         18          0          0        228        160   rand.o
         2          0          0          0          0          0   rtexit.o
        10          0          0          0          0          0   rtexit2.o
        74          0          0          0          0         80   sys_stackheap_outer.o
         2          0          0          0          0         68   use_no_semi.o
         2          0          0          0          0         68   use_no_semi_2.o
        10          0          0          0          0        116   fpinit.o

    ----------------------------------------------------------------------
      1074         70         42          0        328       1692   Library Totals
        10          0          2          0          4          0   (incl. Padding)

    ----------------------------------------------------------------------

      Code (inc. data)   RO Data    RW Data    ZI Data      Debug   Library Name

      1054         70         40          0        324       1576   c_w.l
        10          0          0          0          0        116   fz_wv.l

    ----------------------------------------------------------------------
      1074         70         42          0        328       1692   Library Totals

    ----------------------------------------------------------------------

==============================================================================


      Code (inc. data)   RO Data    RW Data    ZI Data      Debug   

     44466       1084      18842         84    2050988     701685   Grand Totals
     44466       1084      18842         84    2050988     701685   ELF Image Totals
     44466       1084      18842         84          0          0   ROM Totals

==============================================================================

    Total RO  Size (Code + RO Data)                63308 (  61.82kB)
    Total RW  Size (RW Data + ZI Data)           2051072 (2003.00kB)
    Total ROM Size (Code + RO Data + RW Data)      63392 (  61.91kB)

==============================================================================

