<html>
<body>
<pre>
<h1>礦ision Build Log</h1>
<h2>Tool Versions:</h2>
IDE-Version: μVision V5.21.1.0
Copyright (C) 2016 ARM Ltd and ARM Germany GmbH. All rights reserved.
License Information: mju mju, mju, LIC=Y2BKP-M19IA-14CSR-K77TC-WPZ17-DRZRB
 
Tool Versions:
Toolchain:       MDK-ARM Professional  Version: 5.21a
Toolchain Path:  C:\Keil_v5\ARM\ARMCC\Bin
C Compiler:      Armcc.exe V5.06 update 3 (build 300)
Assembler:       Armasm.exe V5.06 update 3 (build 300)
Linker/Locator:  ArmLink.exe V5.06 update 3 (build 300)
Library Manager: ArmAr.exe V5.06 update 3 (build 300)
Hex Converter:   FromElf.exe V5.06 update 3 (build 300)
CPU DLL:         SARMCM3.DLL V5.21a
Dialog DLL:      DCM.DLL V1.13.8.0
Target DLL:      STLink\ST-LINKIII-KEIL_SWO.dll V2.0.18.0
Dialog DLL:      TCM.DLL V1.14.14.0
 
<h2>Project:</h2>
C:\Users\Administrator\Desktop\贪吃蛇大作战_v2.0\USER\REMOTE.uvprojx
Project File Date:  12/27/2023

<h2>Output:</h2>
*** Using Compiler 'V5.06 update 3 (build 300)', folder: 'C:\Keil_v5\ARM\ARMCC\Bin'
Build target 'REMOTE'
assembling startup_stm32f767xx.s...
compiling system_stm32f7xx.c...
compiling stm32f7xx_hal.c...
compiling stm32f7xx_hal_gpio.c...
compiling stm32f7xx_hal_pwr_ex.c...
compiling stm32f7xx_it.c...
compiling stm32f7xx_hal_cortex.c...
compiling stm32f7xx_hal_pwr.c...
compiling main.c...
main.c(127): warning:  #223-D: function "LTDC_Fill" declared implicitly
  	LTDC_Fill(x-pix,y-pix,x+pix,y+pix,color13);
main.c(133): warning:  #223-D: function "LTDC_Fill" declared implicitly
  	LTDC_Fill(x-pix,y-pix,x+pix,y+pix,color12);
main.c(138): warning:  #223-D: function "LTDC_Fill" declared implicitly
  	LTDC_Fill(food_x-pix_width,food_y-pix_width,food_x+pix_width,food_y+pix_width,color7);
main.c(234): warning:  #167-D: argument of type "char *" is incompatible with parameter of type "u8 *"
  	LCD_ShowString(80,700,50,16,16,l);
main.c(236): warning:  #167-D: argument of type "char *" is incompatible with parameter of type "u8 *"
  	LCD_ShowString(80,740,50,16,16,s);
main.c(243): warning:  #223-D: function "LTDC_Fill" declared implicitly
  	LTDC_Fill(20,20,454,590,color1);
main.c: 6 warnings, 0 errors
compiling stm32f7xx_hal_dma.c...
compiling stm32f7xx_hal_uart.c...
compiling stm32f7xx_hal_dma_ex.c...
compiling stm32f7xx_hal_usart.c...
compiling stm32f7xx_hal_rcc.c...
compiling stm32f7xx_hal_rcc_ex.c...
compiling stm32f7xx_hal_tim.c...
compiling stm32f7xx_ll_fmc.c...
compiling stm32f7xx_hal_ltdc_ex.c...
compiling stm32f7xx_hal_sdram.c...
compiling sys.c...
compiling stm32f7xx_hal_sram.c...
compiling led.c...
compiling key.c...
compiling delay.c...
compiling usart.c...
compiling stm32f7xx_hal_can.c...
compiling stm32f7xx_hal_tim_ex.c...
compiling sdram.c...
compiling stm32f7xx_hal_qspi.c...
compiling stm32f7xx_hal_ltdc.c...
compiling lcd.c...
compiling remote.c...
compiling ltdc.c...
compiling qspi.c...
compiling pcf8574.c...
..\HARDWARE\PCF8574\pcf8574.c(23): warning:  #223-D: function "GPIO_Set" declared implicitly
  	GPIO_Set(GPIOB,PIN12,GPIO_MODE_IN,0,0,GPIO_PUPD_PU);	//PB12????为??拉????  
..\HARDWARE\PCF8574\pcf8574.c: 1 warning, 0 errors
compiling myiic.c...
compiling w25qxx.c...
linking...
Program Size: Code=44466 RO-data=18842 RW-data=84 ZI-data=2050988  
FromELF: creating hex file...
"..\OBJ\REMOTE.axf" - 0 Error(s), 7 Warning(s).

<h2>Collection of Component include folders:</h2>
  C:\Users\Administrator\Desktop\贪吃蛇大作战_v2.0\USER\RTE
  C:\Keil_v5\ARM\PACK\Keil\STM32F7xx_DFP\2.12.0\Drivers\CMSIS\Device\ST\STM32F7xx\Include

<h2>Collection of Component Files used:</h2>
Build Time Elapsed:  00:00:06
</pre>
</body>
</html>
